Component: Arm Compiler for Embedded 6.21 Tool: armlink [5ec1fa00]

==============================================================================

Section Cross References

    dl_adc12.o(.text.DL_ADC12_setClockConfig) refers to dl_adc12.o(.text.DL_Common_updateReg) for DL_Common_updateReg
    dl_adc12.o(.ARM.exidx.text.DL_ADC12_setClockConfig) refers to dl_adc12.o(.text.DL_ADC12_setClockConfig) for [Anonymous Symbol]
    dl_adc12.o(.ARM.exidx.text.DL_Common_updateReg) refers to dl_adc12.o(.text.DL_Common_updateReg) for [Anonymous Symbol]
    dl_adc12.o(.ARM.exidx.text.DL_ADC12_getClockConfig) refers to dl_adc12.o(.text.DL_ADC12_getClockConfig) for [Anonymous Symbol]
    dl_aesadv.o(.text.DL_AESADV_setKey) refers to dl_aesadv.o(.text.DL_AESADV_checkAlignmentAndReturnConstPtr) for DL_AESADV_checkAlignmentAndReturnConstPtr
    dl_aesadv.o(.text.DL_AESADV_setKey) refers to dl_aesadv.o(.text.DL_AESADV_setKeyAligned) for DL_AESADV_setKeyAligned
    dl_aesadv.o(.ARM.exidx.text.DL_AESADV_setKey) refers to dl_aesadv.o(.text.DL_AESADV_setKey) for [Anonymous Symbol]
    dl_aesadv.o(.ARM.exidx.text.DL_AESADV_checkAlignmentAndReturnConstPtr) refers to dl_aesadv.o(.text.DL_AESADV_checkAlignmentAndReturnConstPtr) for [Anonymous Symbol]
    dl_aesadv.o(.text.DL_AESADV_setKeyAligned) refers to dl_aesadv.o(.text.DL_Common_updateReg) for DL_Common_updateReg
    dl_aesadv.o(.text.DL_AESADV_setKeyAligned) refers to dl_aesadv.o(.text.DL_AESADV_loadData) for DL_AESADV_loadData
    dl_aesadv.o(.ARM.exidx.text.DL_AESADV_setKeyAligned) refers to dl_aesadv.o(.text.DL_AESADV_setKeyAligned) for [Anonymous Symbol]
    dl_aesadv.o(.ARM.exidx.text.DL_Common_updateReg) refers to dl_aesadv.o(.text.DL_Common_updateReg) for [Anonymous Symbol]
    dl_aesadv.o(.ARM.exidx.text.DL_AESADV_loadData) refers to dl_aesadv.o(.text.DL_AESADV_loadData) for [Anonymous Symbol]
    dl_aesadv.o(.text.DL_AESADV_setGCMHashKey) refers to dl_aesadv.o(.text.DL_AESADV_checkAlignmentAndReturnConstPtr) for DL_AESADV_checkAlignmentAndReturnConstPtr
    dl_aesadv.o(.text.DL_AESADV_setGCMHashKey) refers to dl_aesadv.o(.text.DL_AESADV_setGCMHashKeyAligned) for DL_AESADV_setGCMHashKeyAligned
    dl_aesadv.o(.ARM.exidx.text.DL_AESADV_setGCMHashKey) refers to dl_aesadv.o(.text.DL_AESADV_setGCMHashKey) for [Anonymous Symbol]
    dl_aesadv.o(.text.DL_AESADV_setGCMHashKeyAligned) refers to dl_aesadv.o(.text.DL_AESADV_loadData) for DL_AESADV_loadData
    dl_aesadv.o(.ARM.exidx.text.DL_AESADV_setGCMHashKeyAligned) refers to dl_aesadv.o(.text.DL_AESADV_setGCMHashKeyAligned) for [Anonymous Symbol]
    dl_aesadv.o(.text.DL_AESADV_setSecondKey) refers to dl_aesadv.o(.text.DL_AESADV_checkAlignmentAndReturnConstPtr) for DL_AESADV_checkAlignmentAndReturnConstPtr
    dl_aesadv.o(.text.DL_AESADV_setSecondKey) refers to dl_aesadv.o(.text.DL_AESADV_setSecondKeyAligned) for DL_AESADV_setSecondKeyAligned
    dl_aesadv.o(.ARM.exidx.text.DL_AESADV_setSecondKey) refers to dl_aesadv.o(.text.DL_AESADV_setSecondKey) for [Anonymous Symbol]
    dl_aesadv.o(.text.DL_AESADV_setSecondKeyAligned) refers to dl_aesadv.o(.text.DL_AESADV_loadData) for DL_AESADV_loadData
    dl_aesadv.o(.ARM.exidx.text.DL_AESADV_setSecondKeyAligned) refers to dl_aesadv.o(.text.DL_AESADV_setSecondKeyAligned) for [Anonymous Symbol]
    dl_aesadv.o(.text.DL_AESADV_setThirdKey) refers to dl_aesadv.o(.text.DL_AESADV_checkAlignmentAndReturnConstPtr) for DL_AESADV_checkAlignmentAndReturnConstPtr
    dl_aesadv.o(.text.DL_AESADV_setThirdKey) refers to dl_aesadv.o(.text.DL_AESADV_setThirdKeyAligned) for DL_AESADV_setThirdKeyAligned
    dl_aesadv.o(.ARM.exidx.text.DL_AESADV_setThirdKey) refers to dl_aesadv.o(.text.DL_AESADV_setThirdKey) for [Anonymous Symbol]
    dl_aesadv.o(.text.DL_AESADV_setThirdKeyAligned) refers to dl_aesadv.o(.text.DL_AESADV_loadData) for DL_AESADV_loadData
    dl_aesadv.o(.ARM.exidx.text.DL_AESADV_setThirdKeyAligned) refers to dl_aesadv.o(.text.DL_AESADV_setThirdKeyAligned) for [Anonymous Symbol]
    dl_aesadv.o(.text.DL_AESADV_loadIntermediateTAG) refers to dl_aesadv.o(.text.DL_AESADV_checkAlignmentAndReturnConstPtr) for DL_AESADV_checkAlignmentAndReturnConstPtr
    dl_aesadv.o(.text.DL_AESADV_loadIntermediateTAG) refers to dl_aesadv.o(.text.DL_AESADV_loadIntermediateTAGAligned) for DL_AESADV_loadIntermediateTAGAligned
    dl_aesadv.o(.ARM.exidx.text.DL_AESADV_loadIntermediateTAG) refers to dl_aesadv.o(.text.DL_AESADV_loadIntermediateTAG) for [Anonymous Symbol]
    dl_aesadv.o(.text.DL_AESADV_loadIntermediateTAGAligned) refers to dl_aesadv.o(.text.DL_AESADV_loadData) for DL_AESADV_loadData
    dl_aesadv.o(.ARM.exidx.text.DL_AESADV_loadIntermediateTAGAligned) refers to dl_aesadv.o(.text.DL_AESADV_loadIntermediateTAGAligned) for [Anonymous Symbol]
    dl_aesadv.o(.text.DL_AESADV_loadInitializationVector) refers to dl_aesadv.o(.text.DL_AESADV_checkAlignmentAndReturnPtr) for DL_AESADV_checkAlignmentAndReturnPtr
[...]
    g_rx_float_bytes                         0x202009f2   Data           4  bluetooth.o(.bss.g_rx_float_bytes)
    [Anonymous Symbol]                       0x202009f2   Section        0  bluetooth.o(.bss.g_rx_float_bytes)
    g_rx_id                                  0x202009f6   Data           1  bluetooth.o(.bss.g_rx_id)
    [Anonymous Symbol]                       0x202009f6   Section        0  bluetooth.o(.bss.g_rx_id)
    g_rx_index                               0x202009f7   Data           1  bluetooth.o(.bss.g_rx_index)
    [Anonymous Symbol]                       0x202009f7   Section        0  bluetooth.o(.bss.g_rx_index)
    g_rx_state                               0x202009f8   Data           1  bluetooth.o(.bss.g_rx_state)
    [Anonymous Symbol]                       0x202009f8   Section        0  bluetooth.o(.bss.g_rx_state)
    g_state                                  0x202009f9   Data           1  track.o(.bss.g_state)
    [Anonymous Symbol]                       0x202009f9   Section        0  track.o(.bss.g_state)
    g_straight_cycles                        0x202009fa   Data           2  track.o(.bss.g_straight_cycles)
    [Anonymous Symbol]                       0x202009fa   Section        0  track.o(.bss.g_straight_cycles)
    g_turn_cycles                            0x20200a00   Data           2  track.o(.bss.g_turn_cycles)
    [Anonymous Symbol]                       0x20200a00   Section        0  track.o(.bss.g_turn_cycles)
    gray_error                               0x20200a04   Data           4  grayscalepid.o(.bss.gray_error)
    [Anonymous Symbol]                       0x20200a04   Section        0  grayscalepid.o(.bss.gray_error)
    gray_pid                                 0x20200a08   Data          44  grayscalepid.o(.bss.gray_pid)
    [Anonymous Symbol]                       0x20200a08   Section        0  grayscalepid.o(.bss.gray_pid)
    pid_module_initialized                   0x20200a34   Data           1  pid.o(.bss.pid_module_initialized)
    [Anonymous Symbol]                       0x20200a34   Section        0  pid.o(.bss.pid_module_initialized)
    yaw_angle_error                          0x20200ae0   Data           4  yawpid.o(.bss.yaw_angle_error)
    [Anonymous Symbol]                       0x20200ae0   Section        0  yawpid.o(.bss.yaw_angle_error)
    yaw_angle_pid                            0x20200ae4   Data          44  yawpid.o(.bss.yaw_angle_pid)
    [Anonymous Symbol]                       0x20200ae4   Section        0  yawpid.o(.bss.yaw_angle_pid)
    yaw_rate_pid                             0x20200b10   Data          44  yawpid.o(.bss.yaw_rate_pid)
    [Anonymous Symbol]                       0x20200b10   Section        0  yawpid.o(.bss.yaw_rate_pid)
    yaw_target                               0x20200b3c   Data           4  yawpid.o(.bss.yaw_target)
    [Anonymous Symbol]                       0x20200b3c   Section        0  yawpid.o(.bss.yaw_target)
    Heap_Mem                                 0x20200b40   Data           0  startup_mspm0g351x_uvision.o(HEAP)
    Stack_Mem                                0x20200b40   Data        4096  startup_mspm0g351x_uvision.o(STACK)
    HEAP                                     0x20200b40   Section        0  startup_mspm0g351x_uvision.o(HEAP)
    STACK                                    0x20200b40   Section     4096  startup_mspm0g351x_uvision.o(STACK)
    __initial_sp                             0x20201b40   Data           0  startup_mspm0g351x_uvision.o(STACK)

    Global Symbols

    Symbol Name                              Value     Ov Type        Size  Object(Section)

    BuildAttributes$$THM_ISAv3M$S$PE$A:L22$X:L11$S22$IEEE1$IW$~IW$USESV6$~STKCKD$USESV7$~SHL$OTIME$ROPI$IEEEX$EBA8$UX$STANDARDLIB$REQ8$PRES8$EABIv2 0x00000000   Number         0  anon$$obj.o ABSOLUTE
    __Vectors                                0x00000000   Data           4  startup_mspm0g351x_uvision.o(RESET)
    _printf_flags                            0x00000000   Number         0  printf_stubs.o ABSOLUTE
    _printf_return_value                     0x00000000   Number         0  printf_stubs.o ABSOLUTE
    _printf_sizespec                         0x00000000   Number         0  printf_stubs.o ABSOLUTE
    _printf_widthprec                        0x00000000   Number         0  printf_stubs.o ABSOLUTE
    __ARM_exceptions_init                     - Undefined Weak Reference
    __alloca_initialize                       - Undefined Weak Reference
    __arm_preinit_                            - Undefined Weak Reference
    __arm_relocate_pie_                       - Undefined Weak Reference
    __cpp_initialize__aeabi_                  - Undefined Weak Reference
    __cxa_finalize                            - Undefined Weak Reference
    __sigvec_lookup                           - Undefined Weak Reference
    _atexit_init                              - Undefined Weak Reference
    _call_atexit_fns                          - Undefined Weak Reference
    _clock_init                               - Undefined Weak Reference
    _fp_trap_init                             - Undefined Weak Reference
    _fp_trap_shutdown                         - Undefined Weak Reference
    _get_lc_collate                           - Undefined Weak Reference
    _get_lc_monetary                          - Undefined Weak Reference
    _get_lc_time                              - Undefined Weak Reference
    _getenv_init                              - Undefined Weak Reference
    _handle_redirection                       - Undefined Weak Reference
    _init_alloc                               - Undefined Weak Reference
    _init_user_alloc                          - Undefined Weak Reference
    _initio                                   - Undefined Weak Reference
    _printf_mbtowc                            - Undefined Weak Reference
    _printf_wc                                - Undefined Weak Reference
    _rand_init                                - Undefined Weak Reference
    _signal_finish                            - Undefined Weak Reference
    _signal_init                              - Undefined Weak Reference
    _terminate_alloc                          - Undefined Weak Reference
    _terminate_user_alloc                     - Undefined Weak Reference
    _terminateio                              - Undefined Weak Reference
    __Vectors_End                            0x000000c0   Data           0  startup_mspm0g351x_uvision.o(RESET)
    __Vectors_Size                           0x000000c0   Number         0  startup_mspm0g351x_uvision.o ABSOLUTE
    __main                                   0x000000c1   Thumb Code     8  __main.o(!!!main)
    __scatterload                            0x000000c9   Thumb Code     0  __scatter.o(!!!scatter)
    __scatterload_rt2                        0x000000c9   Thumb Code    74  __scatter.o(!!!scatter)
    __scatterload_rt2_thumb_only             0x000000c9   Thumb Code     0  __scatter.o(!!!scatter)
    __scatterload_loop                       0x000000d3   Thumb Code     0  __scatter.o(!!!scatter)
    __scatterload_copy                       0x00000121   Thumb Code    26  __scatter_copy.o(!!handler_copy)
    __scatterload_null                       0x00000141   Thumb Code     2  __scatter.o(!!handler_null)
    __scatterload_zeroinit                   0x00000149   Thumb Code    28  __scatter_zi.o(!!handler_zi)
    __rt_lib_init                            0x00000165   Thumb Code     0  libinit.o(.ARM.Collect$$libinit$$00000000)
    __rt_lib_init_alloca_1                   0x00000167   Thumb Code     0  libinit2.o(.ARM.Collect$$libinit$$00000030)
    __rt_lib_init_argv_1                     0x00000167   Thumb Code     0  libinit2.o(.ARM.Collect$$libinit$$0000002E)
    __rt_lib_init_atexit_1                   0x00000167   Thumb Code     0  libinit2.o(.ARM.Collect$$libinit$$0000001D)
    __rt_lib_init_clock_1                    0x00000167   Thumb Code     0  libinit2.o(.ARM.Collect$$libinit$$00000023)
    __rt_lib_init_cpp_1                      0x00000167   Thumb Code     0  libinit2.o(.ARM.Collect$$libinit$$00000034)
    __rt_lib_init_exceptions_1               0x00000167   Thumb Code     0  libinit2.o(.ARM.Collect$$libinit$$00000032)
    __rt_lib_init_fp_1                       0x00000167   Thumb Code     0  libinit2.o(.ARM.Collect$$libinit$$00000002)
    __rt_lib_init_fp_trap_1                  0x00000167   Thumb Code     0  libinit2.o(.ARM.Collect$$libinit$$00000021)
    __rt_lib_init_getenv_1                   0x00000167   Thumb Code     0  libinit2.o(.ARM.Collect$$libinit$$00000025)
    __rt_lib_init_heap_1                     0x00000167   Thumb Code     0  libinit2.o(.ARM.Collect$$libinit$$0000000C)
    __rt_lib_init_lc_collate_1               0x00000167   Thumb Code     0  libinit2.o(.ARM.Collect$$libinit$$00000013)
    __rt_lib_init_lc_ctype_1                 0x00000167   Thumb Code     0  libinit2.o(.ARM.Collect$$libinit$$00000015)
    __rt_lib_init_lc_monetary_1              0x00000167   Thumb Code     0  libinit2.o(.ARM.Collect$$libinit$$00000017)
    __rt_lib_init_lc_numeric_1               0x00000167   Thumb Code     0  libinit2.o(.ARM.Collect$$libinit$$00000019)
    __rt_lib_init_lc_time_1                  0x00000167   Thumb Code     0  libinit2.o(.ARM.Collect$$libinit$$0000001B)
    __rt_lib_init_preinit_1                  0x00000167   Thumb Code     0  libinit2.o(.ARM.Collect$$libinit$$00000006)
    __rt_lib_init_rand_1                     0x00000167   Thumb Code     0  libinit2.o(.ARM.Collect$$libinit$$00000010)
    __rt_lib_init_relocate_pie_1             0x00000167   Thumb Code     0  libinit2.o(.ARM.Collect$$libinit$$00000004)
    __rt_lib_init_return                     0x00000167   Thumb Code     0  libinit2.o(.ARM.Collect$$libinit$$00000035)
    __rt_lib_init_signal_1                   0x00000167   Thumb Code     0  libinit2.o(.ARM.Collect$$libinit$$0000001F)
    __rt_lib_init_stdio_1                    0x00000167   Thumb Code     0  libinit2.o(.ARM.Collect$$libinit$$00000027)
    __rt_lib_init_user_alloc_1               0x00000167   Thumb Code     0  libinit2.o(.ARM.Collect$$libinit$$0000000E)
    __rt_lib_shutdown                        0x00000169   Thumb Code     0  libshutdown.o(.ARM.Collect$$libshutdown$$00000000)
    __rt_lib_shutdown_cpp_1                  0x0000016b   Thumb Code     0  libshutdown2.o(.ARM.Collect$$libshutdown$$00000002)
    __rt_lib_shutdown_fp_trap_1              0x0000016b   Thumb Code     0  libshutdown2.o(.ARM.Collect$$libshutdown$$00000007)
    __rt_lib_shutdown_heap_1                 0x0000016b   Thumb Code     0  libshutdown2.o(.ARM.Collect$$libshutdown$$0000000F)
    __rt_lib_shutdown_return                 0x0000016b   Thumb Code     0  libshutdown2.o(.ARM.Collect$$libshutdown$$00000010)
    __rt_lib_shutdown_signal_1               0x0000016b   Thumb Code     0  libshutdown2.o(.ARM.Collect$$libshutdown$$0000000A)
    __rt_lib_shutdown_stdio_1                0x0000016b   Thumb Code     0  libshutdown2.o(.ARM.Collect$$libshutdown$$00000004)
    __rt_lib_shutdown_user_alloc_1           0x0000016b   Thumb Code     0  libshutdown2.o(.ARM.Collect$$libshutdown$$0000000C)
    __rt_entry                               0x0000016d   Thumb Code     0  __rtentry.o(.ARM.Collect$$rtentry$$00000000)
    __rt_entry_presh_1                       0x0000016d   Thumb Code     0  __rtentry2.o(.ARM.Collect$$rtentry$$00000002)
    __rt_entry_sh                            0x0000016d   Thumb Code     0  __rtentry4.o(.ARM.Collect$$rtentry$$00000004)
    __rt_entry_li                            0x00000173   Thumb Code     0  __rtentry2.o(.ARM.Collect$$rtentry$$0000000A)
    __rt_entry_postsh_1                      0x00000173   Thumb Code     0  __rtentry2.o(.ARM.Collect$$rtentry$$00000009)
    __rt_entry_main                          0x00000177   Thumb Code     0  __rtentry2.o(.ARM.Collect$$rtentry$$0000000D)
    __rt_entry_postli_1                      0x00000177   Thumb Code     0  __rtentry2.o(.ARM.Collect$$rtentry$$0000000C)
    __rt_exit                                0x0000017f   Thumb Code     0  rtexit.o(.ARM.Collect$$rtexit$$00000000)
    __rt_exit_ls                             0x00000181   Thumb Code     0  rtexit2.o(.ARM.Collect$$rtexit$$00000003)
    __rt_exit_prels_1                        0x00000181   Thumb Code     0  rtexit2.o(.ARM.Collect$$rtexit$$00000002)
    __rt_exit_exit                           0x00000185   Thumb Code     0  rtexit2.o(.ARM.Collect$$rtexit$$00000004)
    __aeabi_memcpy4                          0x0000018d   Thumb Code    56  rt_memcpy.o(.emb_text)
    __aeabi_memcpy8                          0x0000018d   Thumb Code     0  rt_memcpy.o(.emb_text)
    Reset_Handler                            0x000001c5   Thumb Code     4  startup_mspm0g351x_uvision.o(.text)
    NMI_Handler                              0x000001c9   Thumb Code     2  startup_mspm0g351x_uvision.o(.text)
    SVC_Handler                              0x000001cd   Thumb Code     2  startup_mspm0g351x_uvision.o(.text)
    PendSV_Handler                           0x000001cf   Thumb Code     2  startup_mspm0g351x_uvision.o(.text)
    SysTick_Handler                          0x000001d1   Thumb Code     2  startup_mspm0g351x_uvision.o(.text)
    ADC0_IRQHandler                          0x000001d3   Thumb Code     0  startup_mspm0g351x_uvision.o(.text)
    ADC1_IRQHandler                          0x000001d3   Thumb Code     0  startup_mspm0g351x_uvision.o(.text)
    AESADV_IRQHandler                        0x000001d3   Thumb Code     0  startup_mspm0g351x_uvision.o(.text)
    CANFD0_IRQHandler                        0x000001d3   Thumb Code     0  startup_mspm0g351x_uvision.o(.text)
    CANFD1_IRQHandler                        0x000001d3   Thumb Code     0  startup_mspm0g351x_uvision.o(.text)
    DAC0_IRQHandler                          0x000001d3   Thumb Code     0  startup_mspm0g351x_uvision.o(.text)
    Default_Handler                          0x000001d3   Thumb Code     2  startup_mspm0g351x_uvision.o(.text)
    GROUP0_IRQHandler                        0x000001d3   Thumb Code     0  startup_mspm0g351x_uvision.o(.text)
    I2C0_IRQHandler                          0x000001d3   Thumb Code     0  startup_mspm0g351x_uvision.o(.text)
    I2C1_IRQHandler                          0x000001d3   Thumb Code     0  startup_mspm0g351x_uvision.o(.text)
    I2C2_IRQHandler                          0x000001d3   Thumb Code     0  startup_mspm0g351x_uvision.o(.text)
    LFSS_IRQHandler                          0x000001d3   Thumb Code     0  startup_mspm0g351x_uvision.o(.text)
    SPI0_IRQHandler                          0x000001d3   Thumb Code     0  startup_mspm0g351x_uvision.o(.text)
    SPI1_IRQHandler                          0x000001d3   Thumb Code     0  startup_mspm0g351x_uvision.o(.text)
    SPI2_IRQHandler                          0x000001d3   Thumb Code     0  startup_mspm0g351x_uvision.o(.text)
    TIMA0_IRQHandler                         0x000001d3   Thumb Code     0  startup_mspm0g351x_uvision.o(.text)
    TIMG0_IRQHandler                         0x000001d3   Thumb Code     0  startup_mspm0g351x_uvision.o(.text)
    TIMG12_IRQHandler                        0x000001d3   Thumb Code     0  startup_mspm0g351x_uvision.o(.text)
    TIMG14_IRQHandler                        0x000001d3   Thumb Code     0  startup_mspm0g351x_uvision.o(.text)
    TIMG6_IRQHandler                         0x000001d3   Thumb Code     0  startup_mspm0g351x_uvision.o(.text)
    TIMG7_IRQHandler                         0x000001d3   Thumb Code     0  startup_mspm0g351x_uvision.o(.text)
    TIMG8_IRQHandler                         0x000001d3   Thumb Code     0  startup_mspm0g351x_uvision.o(.text)
    TIMG9_IRQHandler                         0x000001d3   Thumb Code     0  startup_mspm0g351x_uvision.o(.text)
    UART0_IRQHandler                         0x000001d3   Thumb Code     0  startup_mspm0g351x_uvision.o(.text)
    UART3_IRQHandler                         0x000001d3   Thumb Code     0  startup_mspm0g351x_uvision.o(.text)
    UART4_IRQHandler                         0x000001d3   Thumb Code     0  startup_mspm0g351x_uvision.o(.text)
    UART5_IRQHandler                         0x000001d3   Thumb Code     0  startup_mspm0g351x_uvision.o(.text)
    UART6_IRQHandler                         0x000001d3   Thumb Code     0  startup_mspm0g351x_uvision.o(.text)
    UART7_IRQHandler                         0x000001d3   Thumb Code     0  startup_mspm0g351x_uvision.o(.text)
    __user_initial_stackheap                 0x000001d5   Thumb Code    10  startup_mspm0g351x_uvision.o(.text)
    __aeabi_memcpy                           0x000001f1   Thumb Code   130  rt_memcpy.o(.text)
    __rt_memcpy                              0x000001f1   Thumb Code     0  rt_memcpy.o(.text)
    strcmp                                   0x00000275   Thumb Code   132  strcmp.o(.text)
    __aeabi_uidiv                            0x000002fd   Thumb Code     0  aeabi_sdiv.o(.text)
    __aeabi_uidivmod                         0x000002fd   Thumb Code    20  aeabi_sdiv.o(.text)
    __aeabi_idiv                             0x00000311   Thumb Code     0  aeabi_sdiv.o(.text)
    __aeabi_idivmod                          0x00000311   Thumb Code   338  aeabi_sdiv.o(.text)
    __use_two_region_memory                  0x00000469   Thumb Code     2  heapauxi.o(.text)
    __rt_heap_escrow$2region                 0x0000046b   Thumb Code     2  heapauxi.o(.text)
    __rt_heap_expand$2region                 0x0000046d   Thumb Code     2  heapauxi.o(.text)
    __aeabi_dadd                             0x00000769   Thumb Code     0  daddsub.o(.text)
    _dadd                                    0x00000769   Thumb Code    26  daddsub.o(.text)
    __aeabi_dsub                             0x00000783   Thumb Code     0  daddsub.o(.text)
    _dsub                                    0x00000783   Thumb Code    22  daddsub.o(.text)
    __aeabi_drsub                            0x00000799   Thumb Code     0  daddsub.o(.text)
    _drsb                                    0x00000799   Thumb Code    28  daddsub.o(.text)
    __aeabi_d2uiz                            0x000007c9   Thumb Code     0  dfixui.o(.text)
    _dfixu                                   0x000007c9   Thumb Code    68  dfixui.o(.text)
    __aeabi_i2d_normalise                    0x00000811   Thumb Code    66  dflti.o(.text)
    __aeabi_i2d                              0x00000853   Thumb Code    16  dflti.o(.text)
    _dflt                                    0x00000853   Thumb Code     0  dflti.o(.text)
    __aeabi_ui2d                             0x00000863   Thumb Code     6  dflti.o(.text)
    _dfltu                                   0x00000863   Thumb Code     0  dflti.o(.text)
    __aeabi_dmul                             0x00000869   Thumb Code     0  dmul.o(.text)
    _dmul                                    0x00000869   Thumb Code   558  dmul.o(.text)
    __aeabi_f2d                              0x00000ab1   Thumb Code     0  f2d.o(.text)
    _f2d                                     0x00000ab1   Thumb Code    80  f2d.o(.text)
    __aeabi_fdiv                             0x00000b05   Thumb Code     0  fdiv.o(.text)
    _fdiv                                    0x00000b05   Thumb Code   334  fdiv.o(.text)
    _frdiv                                   0x00000c53   Thumb Code     8  fdiv.o(.text)
    __aeabi_f2iz                             0x00000c65   Thumb Code     0  ffixi.o(.text)
    _ffix                                    0x00000c65   Thumb Code    76  ffixi.o(.text)
    __aeabi_i2f_normalise                    0x00000cb1   Thumb Code    72  fflti.o(.text)
    __aeabi_i2f                              0x00000cf9   Thumb Code    16  fflti.o(.text)
    _fflt                                    0x00000cf9   Thumb Code     0  fflti.o(.text)
    __aeabi_ui2f                             0x00000d09   Thumb Code     6  fflti.o(.text)
    _ffltu                                   0x00000d09   Thumb Code     0  fflti.o(.text)
    _drnd                                    0x00000d11   Thumb Code   232  drnd.o(.text)
    __fpl_dcmp_InfNaN                        0x00000e01   Thumb Code   154  dcmpin.o(.text)
    __fpl_fcmp_InfNaN                        0x00000ea1   Thumb Code    96  fcmpin.o(.text)
    __user_libspace                          0x00000f05   Thumb Code     8  libspace.o(.text)
    __user_perproc_libspace                  0x00000f05   Thumb Code     0  libspace.o(.text)
    __user_perthread_libspace                0x00000f05   Thumb Code     0  libspace.o(.text)
    __user_setup_stackheap                   0x00000f0d   Thumb Code    62  sys_stackheap_outer.o(.text)
    exit                                     0x00000f4b   Thumb Code    16  exit.o(.text)
    __fpl_cmpreturn                          0x00000f5b   Thumb Code    46  cmpret.o(.text)
    __fpl_dcheck_NaN2                        0x00000f89   Thumb Code    14  dnan2.o(.text)
    __fpl_fcheck_NaN2                        0x00000f9d   Thumb Code    10  fnan2.o(.text)
    __fpl_return_NaN                         0x00000fad   Thumb Code    94  retnan.o(.text)
    _sys_exit                                0x0000100d   Thumb Code     8  sys_exit.o(.text)
    __I$use$semihosting                      0x00001019   Thumb Code     0  use_no_semi.o(.text)
    __use_no_semihosting_swi                 0x00001019   Thumb Code     2  use_no_semi.o(.text)
    __semihosting_library_function           0x0000101b   Thumb Code     0  indicate_semi.o(.text)
    Bluetooth_Init                           0x0000101d   Thumb Code    20  bluetooth.o(.text.Bluetooth_Init)
    Bluetooth_Process                        0x00001031   Thumb Code     8  bluetooth.o(.text.Bluetooth_Process)
    Bluetooth_ReceiveByte                    0x00001039   Thumb Code   228  bluetooth.o(.text.Bluetooth_ReceiveByte)
    DL_Common_delayCycles                    0x00001155   Thumb Code    20  dl_common.o(.text.DL_Common_delayCycles)
    DL_DMA_initChannel                       0x00001315   Thumb Code    70  dl_dma.o(.text.DL_DMA_initChannel)
    DL_Timer_initFourCCPWMMode               0x0000172d   Thumb Code   232  dl_timer.o(.text.DL_Timer_initFourCCPWMMode)
    DL_Timer_initTimerMode                   0x00001815   Thumb Code   252  dl_timer.o(.text.DL_Timer_initTimerMode)
    DL_Timer_setCaptCompUpdateMethod         0x00001a41   Thumb Code    48  dl_timer.o(.text.DL_Timer_setCaptCompUpdateMethod)
    DL_Timer_setCaptureCompareAction         0x00001a71   Thumb Code    44  dl_timer.o(.text.DL_Timer_setCaptureCompareAction)
    DL_Timer_setCaptureCompareCtl            0x00001aa5   Thumb Code    52  dl_timer.o(.text.DL_Timer_setCaptureCompareCtl)
    DL_Timer_setCaptureCompareInput          0x00001ae1   Thumb Code    52  dl_timer.o(.text.DL_Timer_setCaptureCompareInput)
    DL_Timer_setCaptureCompareOutCtl         0x00001b15   Thumb Code    60  dl_timer.o(.text.DL_Timer_setCaptureCompareOutCtl)
    DL_Timer_setCaptureCompareValue          0x00001b55   Thumb Code    40  dl_timer.o(.text.DL_Timer_setCaptureCompareValue)
    DL_Timer_setClockConfig                  0x00001b81   Thumb Code    44  dl_timer.o(.text.DL_Timer_setClockConfig)
    DL_UART_init                             0x00001cc1   Thumb Code    68  dl_uart.o(.text.DL_UART_init)
    DL_UART_setClockConfig                   0x00001d99   Thumb Code    32  dl_uart.o(.text.DL_UART_setClockConfig)
    DMA_IRQHandler                           0x00001ea9   Thumb Code    36  uart.o(.text.DMA_IRQHandler)
    Encoder_GetSpeed                         0x00001ed1   Thumb Code    56  encoder.o(.text.Encoder_GetSpeed)
    Encoder_Init                             0x00001f09   Thumb Code   100  encoder.o(.text.Encoder_Init)
    Encoder_Update                           0x00001f6d   Thumb Code   108  encoder.o(.text.Encoder_Update)
    GROUP1_IRQHandler                        0x00001fd9   Thumb Code   224  encoder.o(.text.GROUP1_IRQHandler)
    GrayPIDParameters                        0x000020c5   Thumb Code    52  grayscalepid.o(.text.GrayPIDParameters)
    GrayPID_Init                             0x000020f9   Thumb Code    52  grayscalepid.o(.text.GrayPID_Init)
    Gray_GetTarget                           0x00002149   Thumb Code     4  grayscalepid.o(.text.Gray_GetTarget)
    Gray_PD_Update                           0x0000214d   Thumb Code    44  grayscalepid.o(.text.Gray_PD_Update)
    Gray_Reset                               0x00002179   Thumb Code    20  grayscalepid.o(.text.Gray_Reset)
    Grayscale_GetError                       0x00002195   Thumb Code   144  grayscale.o(.text.Grayscale_GetError)
    Grayscale_Init                           0x00002229   Thumb Code     2  grayscale.o(.text.Grayscale_Init)
    Grayscale_Read                           0x0000222d   Thumb Code   244  grayscale.o(.text.Grayscale_Read)
    Grayscale_WeightedSum                    0x00002329   Thumb Code    20  grayscale.o(.text.Grayscale_WeightedSum)
    HardFault_Handler                        0x0000233d   Thumb Code    44  board.o(.text.HardFault_Handler)
    JY901_Data                               0x00002369   Thumb Code   428  jy901.o(.text.JY901_Data)
    JY901_GetAngle                           0x00002539   Thumb Code    20  jy901.o(.text.JY901_GetAngle)
    JY901_GetGyro                            0x0000254d   Thumb Code    20  jy901.o(.text.JY901_GetGyro)
    JY901_PollRx                             0x00002561   Thumb Code    68  jy901.o(.text.JY901_PollRx)
    JY901_ProcessData                        0x000025a5   Thumb Code   268  jy901.o(.text.JY901_ProcessData)
    MotorA_Control                           0x000026dd   Thumb Code   100  motor.o(.text.MotorA_Control)
    MotorB_Control                           0x00002745   Thumb Code    88  motor.o(.text.MotorB_Control)
    Motor_Drive                              0x000027a5   Thumb Code   216  motor.o(.text.Motor_Drive)
    Motor_Stop                               0x000028bd   Thumb Code    40  motor.o(.text.Motor_Stop)
    OLED_Clear                               0x000028ed   Thumb Code    84  oled.o(.text.OLED_Clear)
    OLED_ClearArea                           0x00002941   Thumb Code   200  oled.o(.text.OLED_ClearArea)
    OLED_GPIO_Init                           0x00002a0d   Thumb Code   132  oled.o(.text.OLED_GPIO_Init)
    OLED_I2C_SendByte                        0x00002a9d   Thumb Code   216  oled.o(.text.OLED_I2C_SendByte)
    OLED_I2C_Start                           0x00002b75   Thumb Code   112  oled.o(.text.OLED_I2C_Start)
    OLED_I2C_Stop                            0x00002be5   Thumb Code    80  oled.o(.text.OLED_I2C_Stop)
    OLED_Init                                0x00002c39   Thumb Code   154  oled.o(.text.OLED_Init)
    OLED_Pow                                 0x00002cd3   Thumb Code    40  oled.o(.text.OLED_Pow)
    OLED_SetCursor                           0x00002cfb   Thumb Code    54  oled.o(.text.OLED_SetCursor)
    OLED_ShowChar                            0x00002d31   Thumb Code   116  oled.o(.text.OLED_ShowChar)
    OLED_ShowFloatNum                        0x00002db1   Thumb Code   310  oled.o(.text.OLED_ShowFloatNum)
    OLED_ShowImage                           0x00002ee9   Thumb Code   428  oled.o(.text.OLED_ShowImage)
    OLED_ShowNum                             0x00003099   Thumb Code   144  oled.o(.text.OLED_ShowNum)
    OLED_ShowSignedNum                       0x00003129   Thumb Code   208  oled.o(.text.OLED_ShowSignedNum)
    OLED_ShowString                          0x000031f9   Thumb Code   660  oled.o(.text.OLED_ShowString)
    OLED_Update                              0x00003495   Thumb Code    68  oled.o(.text.OLED_Update)
    OLED_WriteCommand                        0x000034dd   Thumb Code    42  oled.o(.text.OLED_WriteCommand)
    OLED_WriteData                           0x00003507   Thumb Code    80  oled.o(.text.OLED_WriteData)
    PID_Init                                 0x00003557   Thumb Code   100  pid.o(.text.PID_Init)
    PID_LimitFloat                           0x000035bb   Thumb Code    62  pid.o(.text.PID_LimitFloat)
    PID_ModuleInit                           0x000035f9   Thumb Code    52  pid.o(.text.PID_ModuleInit)
    PID_PositiveLimit                        0x00003639   Thumb Code    44  pid.o(.text.PID_PositiveLimit)
    PID_RemoteSetParameter                   0x00003665   Thumb Code   216  pid.o(.text.PID_RemoteSetParameter)
    PID_Reset                                0x00003771   Thumb Code    40  pid.o(.text.PID_Reset)
    PID_SetParameters                        0x00003799   Thumb Code   116  pid.o(.text.PID_SetParameters)
    PID_Update                               0x0000380d   Thumb Code    38  pid.o(.text.PID_Update)
    PID_UpdateError                          0x00003833   Thumb Code   410  pid.o(.text.PID_UpdateError)
    PID_ValidDt                              0x000039cd   Thumb Code    40  pid.o(.text.PID_ValidDt)
    PID_ValidFilterAlpha                     0x000039f9   Thumb Code    22  pid.o(.text.PID_ValidFilterAlpha)
    PID_Wrap180                              0x00003a11   Thumb Code    68  pid.o(.text.PID_Wrap180)
    SYSCFG_DL_DMA_RxJY_COPY_init             0x00003a65   Thumb Code    40  ti_msp_dl_config.o(.text.SYSCFG_DL_DMA_RxJY_COPY_init)
    SYSCFG_DL_DMA_TxBlue_init                0x00003a91   Thumb Code    40  ti_msp_dl_config.o(.text.SYSCFG_DL_DMA_TxBlue_init)
    SYSCFG_DL_DMA_init                       0x00003ac1   Thumb Code    12  ti_msp_dl_config.o(.text.SYSCFG_DL_DMA_init)
    SYSCFG_DL_GPIO_init                      0x00003acd   Thumb Code   372  ti_msp_dl_config.o(.text.SYSCFG_DL_GPIO_init)
    SYSCFG_DL_PWMA_init                      0x00003c49   Thumb Code    96  ti_msp_dl_config.o(.text.SYSCFG_DL_PWMA_init)
    SYSCFG_DL_PWMB_init                      0x00003cb5   Thumb Code    96  ti_msp_dl_config.o(.text.SYSCFG_DL_PWMB_init)
    SYSCFG_DL_SYSCTL_init                    0x00003d1d   Thumb Code    34  ti_msp_dl_config.o(.text.SYSCFG_DL_SYSCTL_init)
    SYSCFG_DL_TIMER_0_init                   0x00003d41   Thumb Code    40  ti_msp_dl_config.o(.text.SYSCFG_DL_TIMER_0_init)
    SYSCFG_DL_UART1_init                     0x00003d71   Thumb Code    92  ti_msp_dl_config.o(.text.SYSCFG_DL_UART1_init)
    SYSCFG_DL_UART7_init                     0x00003dd5   Thumb Code    76  ti_msp_dl_config.o(.text.SYSCFG_DL_UART7_init)
    SYSCFG_DL_init                           0x00003e29   Thumb Code    52  ti_msp_dl_config.o(.text.SYSCFG_DL_init)
    SYSCFG_DL_initPower                      0x00003e65   Thumb Code   112  ti_msp_dl_config.o(.text.SYSCFG_DL_initPower)
    SpeedPIDParameters                       0x00003ef1   Thumb Code    64  speedpid.o(.text.SpeedPIDParameters)
    SpeedPID_Init                            0x00003f31   Thumb Code    64  speedpid.o(.text.SpeedPID_Init)
    SpeedPID_Reset                           0x00003f89   Thumb Code    16  speedpid.o(.text.SpeedPID_Reset)
    SpeedPID_Update                          0x00003f99   Thumb Code   196  speedpid.o(.text.SpeedPID_Update)
    TIMA1_IRQHandler                         0x00004109   Thumb Code    56  board.o(.text.TIMA1_IRQHandler)
    Track_Control                            0x00004295   Thumb Code   300  track.o(.text.Track_Control)
    Track_GetState                           0x00004421   Thumb Code     8  track.o(.text.Track_GetState)
    Track_Init                               0x00004429   Thumb Code    60  track.o(.text.Track_Init)
    Track_OnLostLine                         0x0000456d   Thumb Code    64  track.o(.text.Track_OnLostLine)
    Track_Update                             0x0000464d   Thumb Code    12  track.o(.text.Track_Update)
    UART1_IRQHandler                         0x0000465d   Thumb Code    32  bluetooth.o(.text.UART1_IRQHandler)
    UART1_TX_DMAPump                         0x00004681   Thumb Code    24  uart.o(.text.UART1_TX_DMAPump)
    UART7_RX_Available                       0x000047bd   Thumb Code    40  uart.o(.text.UART7_RX_Available)
    UART7_RX_DMA_Reset                       0x00004831   Thumb Code    28  uart.o(.text.UART7_RX_DMA_Reset)
    UART7_RX_Read                            0x00004851   Thumb Code   120  uart.o(.text.UART7_RX_Read)
    UART_Init                                0x000048d5   Thumb Code    54  uart.o(.text.UART_Init)
    YawAnglePIDParameters                    0x0000490d   Thumb Code    52  yawpid.o(.text.YawAnglePIDParameters)
    YawAnglePID_Init                         0x00004941   Thumb Code    52  yawpid.o(.text.YawAnglePID_Init)
    YawAngleSpeedPID_Init                    0x00004979   Thumb Code    52  yawpid.o(.text.YawAngleSpeedPID_Init)
    YawAngle_Reset                           0x000049c1   Thumb Code    28  yawpid.o(.text.YawAngle_Reset)
    YawAngle_SetTarget                       0x000049e1   Thumb Code    28  yawpid.o(.text.YawAngle_SetTarget)
    YawAngle_Update                          0x000049fd   Thumb Code    48  yawpid.o(.text.YawAngle_Update)
    YawRatePIDParameters                     0x00004a39   Thumb Code    52  yawpid.o(.text.YawRatePIDParameters)
    YawRatePID_Init                          0x00004a6d   Thumb Code    52  yawpid.o(.text.YawRatePID_Init)
    YawRate_Reset                            0x00004abd   Thumb Code    16  yawpid.o(.text.YawRate_Reset)
    YawRate_Update                           0x00004acd   Thumb Code    32  yawpid.o(.text.YawRate_Update)
    board_init                               0x00004ca1   Thumb Code    88  board.o(.text.board_init)
    board_update                             0x00004d09   Thumb Code    12  board.o(.text.board_update)
    main                                     0x00004d15   Thumb Code   220  main.o(.text.main)
    __aeabi_dcmplt                           0x00004dfd   Thumb Code     0  dcmp.o(i._dls)
    _dls                                     0x00004dfd   Thumb Code    22  dcmp.o(i._dls)
    __aeabi_fcmpge                           0x00004e13   Thumb Code     0  fcmp.o(i._fgeq)
    _fgeq                                    0x00004e13   Thumb Code    22  fcmp.o(i._fgeq)
    __aeabi_fcmpgt                           0x00004e29   Thumb Code     0  fcmp.o(i._fgr)
    _fgr                                     0x00004e29   Thumb Code    22  fcmp.o(i._fgr)
    __aeabi_fcmple                           0x00004e3f   Thumb Code     0  fcmp.o(i._fleq)
    _fleq                                    0x00004e3f   Thumb Code    26  fcmp.o(i._fleq)
    __aeabi_fcmplt                           0x00004e59   Thumb Code     0  fcmp.o(i._fls)
    _fls                                     0x00004e59   Thumb Code    22  fcmp.o(i._fls)
    round                                    0x00004e71   Thumb Code   142  round.o(i.round)
    __aeabi_cdcmple                          0x00004f0d   Thumb Code     0  dlef.o(x$fpl$dleqf)
    _dcmple                                  0x00004f0d   Thumb Code    94  dlef.o(x$fpl$dleqf)
    __aeabi_cdrcmple                         0x00004f71   Thumb Code     0  drlef.o(x$fpl$drleqf)
    _drcmple                                 0x00004f71   Thumb Code   100  drlef.o(x$fpl$drleqf)
    __aeabi_fadd                             0x00004fd9   Thumb Code     0  faddsub.o(x$fpl$fadd)
    _fadd                                    0x00004fd9   Thumb Code   134  faddsub.o(x$fpl$fadd)
    _fcmpge                                  0x00005065   Thumb Code    78  fgef.o(x$fpl$fgeqf)
    __aeabi_cfcmple                          0x000050b9   Thumb Code     0  flef.o(x$fpl$fleqf)
    _fcmple                                  0x000050b9   Thumb Code    78  flef.o(x$fpl$fleqf)
    __aeabi_fmul                             0x0000510d   Thumb Code     0  fmul.o(x$fpl$fmul)
    _fmul                                    0x0000510d   Thumb Code   172  fmul.o(x$fpl$fmul)
    __aeabi_fsub                             0x000051bd   Thumb Code     0  faddsub.o(x$fpl$fsub)
    _fsub                                    0x000051bd   Thumb Code   204  faddsub.o(x$fpl$fsub)
    __I$use$fp                               0x0000528c   Number         0  usenofp.o(x$fpl$usenofp)
    OLED_CF16x16                             0x000052d4   Data         259  oled_data.o(.rodata.OLED_CF16x16)
    OLED_F6x8                                0x000053d7   Data         570  oled_data.o(.rodata.OLED_F6x8)
    OLED_F8x16                               0x00005611   Data        1520  oled_data.o(.rodata.OLED_F8x16)
    Region$$Table$$Base                      0x00005c98   Number         0  anon$$obj.o(Region$$Table)
    Region$$Table$$Limit                     0x00005cb8   Number         0  anon$$obj.o(Region$$Table)
    GRAY_D_FILTER_ALPHA                      0x20200000   Data           4  grayscalepid.o(.data.GRAY_D_FILTER_ALPHA)
    Ki_spd                                   0x20200004   Data           4  speedpid.o(.data.Ki_spd)
    Ki_yaw_rate                              0x20200008   Data           4  yawpid.o(.data.Ki_yaw_rate)
    Kp_gray                                  0x2020000c   Data           4  grayscalepid.o(.data.Kp_gray)
    Kp_spd                                   0x20200010   Data           4  speedpid.o(.data.Kp_spd)
    Kp_yaw_angle                             0x20200014   Data           4  yawpid.o(.data.Kp_yaw_angle)
    Kp_yaw_rate                              0x20200018   Data           4  yawpid.o(.data.Kp_yaw_rate)
    PID_CONTROL_DT                           0x2020001c   Data           4  pid.o(.data.PID_CONTROL_DT)
    SPD_D_FILTER_ALPHA                       0x20200020   Data           4  speedpid.o(.data.SPD_D_FILTER_ALPHA)
    SPD_I_MAX                                0x20200024   Data           4  speedpid.o(.data.SPD_I_MAX)
    SPD_OUTPUT_MAX                           0x20200028   Data           4  speedpid.o(.data.SPD_OUTPUT_MAX)
    TURN_SPEED_MAX                           0x2020002c   Data           4  pid.o(.data.TURN_SPEED_MAX)
    YAW_ANGLE_D_FILTER_ALPHA                 0x20200030   Data           4  yawpid.o(.data.YAW_ANGLE_D_FILTER_ALPHA)
    YAW_ANGLE_I_MAX                          0x20200034   Data           4  yawpid.o(.data.YAW_ANGLE_I_MAX)
    YAW_RATE_D_FILTER_ALPHA                  0x20200038   Data           4  yawpid.o(.data.YAW_RATE_D_FILTER_ALPHA)
    YAW_RATE_I_MAX                           0x2020003c   Data           4  yawpid.o(.data.YAW_RATE_I_MAX)
    YAW_RATE_TARGET_MAX                      0x20200040   Data           4  yawpid.o(.data.YAW_RATE_TARGET_MAX)
    __libspace_start                         0x20200048   Data          96  libspace.o(.bss)
    __temporary_stack_top$libspace           0x202000a8   Data           0  libspace.o(.bss)
    GRAY_I_MAX                               0x202000c8   Data           4  grayscalepid.o(.bss.GRAY_I_MAX)
    Kd_gray                                  0x202000d8   Data           4  grayscalepid.o(.bss.Kd_gray)
    Kd_spd                                   0x202000dc   Data           4  speedpid.o(.bss.Kd_spd)
    Kd_yaw_angle                             0x202000e0   Data           4  yawpid.o(.bss.Kd_yaw_angle)
    Kd_yaw_rate                              0x202000e4   Data           4  yawpid.o(.bss.Kd_yaw_rate)
    Ki_gray                                  0x202000e8   Data           4  grayscalepid.o(.bss.Ki_gray)
    Ki_yaw_angle                             0x202000ec   Data           4  yawpid.o(.bss.Ki_yaw_angle)
    OLED_DisplayBuf                          0x202000f0   Data        1024  oled.o(.bss.OLED_DisplayBuf)
    gPWMABackup                              0x20200520   Data         188  ti_msp_dl_config.o(.bss.gPWMABackup)
    gTIMER_0Backup                           0x202005dc   Data         188  ti_msp_dl_config.o(.bss.gTIMER_0Backup)
    g_enc_isr                                0x202009d0   Data           4  encoder.o(.bss.g_enc_isr)
    g_tick_ms                                0x202009fc   Data           4  board.o(.bss.g_tick_ms)
    speed_left_pid                           0x20200a38   Data          44  speedpid.o(.bss.speed_left_pid)
    speed_right_pid                          0x20200a64   Data          44  speedpid.o(.bss.speed_right_pid)
    stcAcc                                   0x20200a90   Data           8  jy901.o(.bss.stcAcc)
    stcAngle                                 0x20200a98   Data           8  jy901.o(.bss.stcAngle)
    stcDStatus                               0x20200aa0   Data           8  jy901.o(.bss.stcDStatus)
    stcGPSV                                  0x20200aa8   Data           8  jy901.o(.bss.stcGPSV)
    stcGyro                                  0x20200ab0   Data           8  jy901.o(.bss.stcGyro)
    stcLonLat                                0x20200ab8   Data           8  jy901.o(.bss.stcLonLat)
    stcMag                                   0x20200ac0   Data           8  jy901.o(.bss.stcMag)
    stcPress                                 0x20200ac8   Data           8  jy901.o(.bss.stcPress)
    stcQ                                     0x20200ad0   Data           8  jy901.o(.bss.stcQ)
    stcTime                                  0x20200ad8   Data           8  jy901.o(.bss.stcTime)



==============================================================================

Memory Map of the image

  Image Entry point : 0x000000c1

  Load Region LR_IROM1 (Base: 0x00000000, Size: 0x00005d00, Max: 0x00080000, ABSOLUTE)

    Execution Region ER_IROM1 (Exec base: 0x00000000, Load base: 0x00000000, Size: 0x00005cb8, Max: 0x00080000, ABSOLUTE)

    Exec Addr    Load Addr    Size         Type   Attr      Idx    E Section Name        Object

    0x00000000   0x00000000   0x000000c0   Data   RO         1416    RESET               startup_mspm0g351x_uvision.o
    0x000000c0   0x000000c0   0x00000008   Code   RO         2018  * !!!main             c_p.l(__main.o)
    0x000000c8   0x000000c8   0x00000054   Code   RO         2470    !!!scatter          c_p.l(__scatter.o)
    0x0000011c   0x0000011c   0x00000004   PAD
    0x00000120   0x00000120   0x0000001a   Code   RO         2474    !!handler_copy      c_p.l(__scatter_copy.o)
    0x0000013a   0x0000013a   0x00000006   PAD
    0x00000140   0x00000140   0x00000002   Code   RO         2471    !!handler_null      c_p.l(__scatter.o)
    0x00000142   0x00000142   0x00000006   PAD
    0x00000148   0x00000148   0x0000001c   Code   RO         2476    !!handler_zi        c_p.l(__scatter_zi.o)
    0x00000164   0x00000164   0x00000002   Code   RO         2317    .ARM.Collect$$libinit$$00000000  c_p.l(libinit.o)
    0x00000166   0x00000166   0x00000000   Code   RO         2341    .ARM.Collect$$libinit$$00000002  c_p.l(libinit2.o)
    0x00000166   0x00000166   0x00000000   Code   RO         2343    .ARM.Collect$$libinit$$00000004  c_p.l(libinit2.o)
    0x00000166   0x00000166   0x00000000   Code   RO         2345    .ARM.Collect$$libinit$$00000006  c_p.l(libinit2.o)
    0x00000166   0x00000166   0x00000000   Code   RO         2348    .ARM.Collect$$libinit$$0000000C  c_p.l(libinit2.o)
    0x00000166   0x00000166   0x00000000   Code   RO         2350    .ARM.Collect$$libinit$$0000000E  c_p.l(libinit2.o)
    0x00000166   0x00000166   0x00000000   Code   RO         2352    .ARM.Collect$$libinit$$00000010  c_p.l(libinit2.o)
    0x00000166   0x00000166   0x00000000   Code   RO         2355    .ARM.Collect$$libinit$$00000013  c_p.l(libinit2.o)
    0x00000166   0x00000166   0x00000000   Code   RO         2357    .ARM.Collect$$libinit$$00000015  c_p.l(libinit2.o)
    0x00000166   0x00000166   0x00000000   Code   RO         2359    .ARM.Collect$$libinit$$00000017  c_p.l(libinit2.o)
    0x00000166   0x00000166   0x00000000   Code   RO         2361    .ARM.Collect$$libinit$$00000019  c_p.l(libinit2.o)
    0x00000166   0x00000166   0x00000000   Code   RO         2363    .ARM.Collect$$libinit$$0000001B  c_p.l(libinit2.o)
    0x00000166   0x00000166   0x00000000   Code   RO         2365    .ARM.Collect$$libinit$$0000001D  c_p.l(libinit2.o)
    0x00000166   0x00000166   0x00000000   Code   RO         2367    .ARM.Collect$$libinit$$0000001F  c_p.l(libinit2.o)
    0x00000166   0x00000166   0x00000000   Code   RO         2369    .ARM.Collect$$libinit$$00000021  c_p.l(libinit2.o)
    0x00000166   0x00000166   0x00000000   Code   RO         2371    .ARM.Collect$$libinit$$00000023  c_p.l(libinit2.o)
    0x00000166   0x00000166   0x00000000   Code   RO         2373    .ARM.Collect$$libinit$$00000025  c_p.l(libinit2.o)
    0x00000166   0x00000166   0x00000000   Code   RO         2375    .ARM.Collect$$libinit$$00000027  c_p.l(libinit2.o)
    0x00000166   0x00000166   0x00000000   Code   RO         2379    .ARM.Collect$$libinit$$0000002E  c_p.l(libinit2.o)
    0x00000166   0x00000166   0x00000000   Code   RO         2381    .ARM.Collect$$libinit$$00000030  c_p.l(libinit2.o)
    0x00000166   0x00000166   0x00000000   Code   RO         2383    .ARM.Collect$$libinit$$00000032  c_p.l(libinit2.o)
    0x00000166   0x00000166   0x00000000   Code   RO         2385    .ARM.Collect$$libinit$$00000034  c_p.l(libinit2.o)
    0x00000166   0x00000166   0x00000002   Code   RO         2386    .ARM.Collect$$libinit$$00000035  c_p.l(libinit2.o)
    0x00000168   0x00000168   0x00000002   Code   RO         2425    .ARM.Collect$$libshutdown$$00000000  c_p.l(libshutdown.o)
    0x0000016a   0x0000016a   0x00000000   Code   RO         2453    .ARM.Collect$$libshutdown$$00000002  c_p.l(libshutdown2.o)
    0x0000016a   0x0000016a   0x00000000   Code   RO         2455    .ARM.Collect$$libshutdown$$00000004  c_p.l(libshutdown2.o)
    0x0000016a   0x0000016a   0x00000000   Code   RO         2458    .ARM.Collect$$libshutdown$$00000007  c_p.l(libshutdown2.o)
    0x0000016a   0x0000016a   0x00000000   Code   RO         2461    .ARM.Collect$$libshutdown$$0000000A  c_p.l(libshutdown2.o)
    0x0000016a   0x0000016a   0x00000000   Code   RO         2463    .ARM.Collect$$libshutdown$$0000000C  c_p.l(libshutdown2.o)
    0x0000016a   0x0000016a   0x00000000   Code   RO         2466    .ARM.Collect$$libshutdown$$0000000F  c_p.l(libshutdown2.o)
    0x0000016a   0x0000016a   0x00000002   Code   RO         2467    .ARM.Collect$$libshutdown$$00000010  c_p.l(libshutdown2.o)
    0x0000016c   0x0000016c   0x00000000   Code   RO         2082    .ARM.Collect$$rtentry$$00000000  c_p.l(__rtentry.o)
    0x0000016c   0x0000016c   0x00000000   Code   RO         2226    .ARM.Collect$$rtentry$$00000002  c_p.l(__rtentry2.o)
    0x0000016c   0x0000016c   0x00000006   Code   RO         2238    .ARM.Collect$$rtentry$$00000004  c_p.l(__rtentry4.o)
    0x00000172   0x00000172   0x00000000   Code   RO         2228    .ARM.Collect$$rtentry$$00000009  c_p.l(__rtentry2.o)
    0x00000172   0x00000172   0x00000004   Code   RO         2229    .ARM.Collect$$rtentry$$0000000A  c_p.l(__rtentry2.o)
    0x00000176   0x00000176   0x00000000   Code   RO         2231    .ARM.Collect$$rtentry$$0000000C  c_p.l(__rtentry2.o)
    0x00000176   0x00000176   0x00000008   Code   RO         2232    .ARM.Collect$$rtentry$$0000000D  c_p.l(__rtentry2.o)
    0x0000017e   0x0000017e   0x00000002   Code   RO         2327    .ARM.Collect$$rtexit$$00000000  c_p.l(rtexit.o)
    0x00000180   0x00000180   0x00000000   Code   RO         2394    .ARM.Collect$$rtexit$$00000002  c_p.l(rtexit2.o)
    0x00000180   0x00000180   0x00000004   Code   RO         2395    .ARM.Collect$$rtexit$$00000003  c_p.l(rtexit2.o)
    0x00000184   0x00000184   0x00000006   Code   RO         2396    .ARM.Collect$$rtexit$$00000004  c_p.l(rtexit2.o)
    0x0000018a   0x0000018a   0x00000002   PAD
    0x0000018c   0x0000018c   0x00000038   Code   RO         2006    .emb_text           c_p.l(rt_memcpy.o)
    0x000001c4   0x000001c4   0x0000002c   Code   RO         1417    .text               startup_mspm0g351x_uvision.o
    0x000001f0   0x000001f0   0x00000082   Code   RO         2007    .text               c_p.l(rt_memcpy.o)
    0x00000272   0x00000272   0x00000002   PAD
    0x00000274   0x00000274   0x00000088   Code   RO         2010    .text               c_p.l(strcmp.o)
    0x000002fc   0x000002fc   0x0000016c   Code   RO         2012    .text               c_p.l(aeabi_sdiv.o)
    0x00000468   0x00000468   0x00000006   Code   RO         2016    .text               c_p.l(heapauxi.o)
    0x0000046e   0x0000046e   0x00000002   PAD
    0x00000470   0x00000470   0x00000358   Code   RO         2022    .text               fz_ps.l(daddsub.o)
    0x000007c8   0x000007c8   0x00000048   Code   RO         2041    .text               fz_ps.l(dfixui.o)
    0x00000810   0x00000810   0x00000058   Code   RO         2043    .text               fz_ps.l(dflti.o)
    0x00000868   0x00000868   0x00000248   Code   RO         2045    .text               fz_ps.l(dmul.o)
    0x00000ab0   0x00000ab0   0x00000054   Code   RO         2047    .text               fz_ps.l(f2d.o)
    0x00000b04   0x00000b04   0x00000160   Code   RO         2067    .text               fz_ps.l(fdiv.o)
    0x00000c64   0x00000c64   0x0000004c   Code   RO         2070    .text               fz_ps.l(ffixi.o)
    0x00000cb0   0x00000cb0   0x0000005e   Code   RO         2072    .text               fz_ps.l(fflti.o)
    0x00000d0e   0x00000d0e   0x00000002   PAD
    0x00000d10   0x00000d10   0x000000f0   Code   RO         2188    .text               fz_ps.l(drnd.o)
    0x00000e00   0x00000e00   0x000000a0   Code   RO         2269    .text               fz_ps.l(dcmpin.o)
    0x00000ea0   0x00000ea0   0x00000064   Code   RO         2273    .text               fz_ps.l(fcmpin.o)
    0x00000f04   0x00000f04   0x00000008   Code   RO         2279    .text               c_p.l(libspace.o)
    0x00000f0c   0x00000f0c   0x0000003e   Code   RO         2282    .text               c_p.l(sys_stackheap_outer.o)
    0x00000f4a   0x00000f4a   0x00000010   Code   RO         2306    .text               c_p.l(exit.o)
    0x00000f5a   0x00000f5a   0x0000002e   Code   RO         2318    .text               fz_ps.l(cmpret.o)
    0x00000f88   0x00000f88   0x00000014   Code   RO         2320    .text               fz_ps.l(dnan2.o)
    0x00000f9c   0x00000f9c   0x00000010   Code   RO         2322    .text               fz_ps.l(fnan2.o)
    0x00000fac   0x00000fac   0x0000005e   Code   RO         2387    .text               fz_ps.l(retnan.o)
    0x0000100a   0x0000100a   0x00000002   PAD
    0x0000100c   0x0000100c   0x0000000c   Code   RO         2389    .text               c_p.l(sys_exit.o)
    0x00001018   0x00001018   0x00000002   Code   RO         2414    .text               c_p.l(use_no_semi.o)
    0x0000101a   0x0000101a   0x00000000   Code   RO         2416    .text               c_p.l(indicate_semi.o)
    0x0000101a   0x0000101a   0x00000002   PAD
    0x0000101c   0x0000101c   0x00000014   Code   RO         1650    .text.Bluetooth_Init  bluetooth.o
    0x00001030   0x00001030   0x00000008   Code   RO         1660    .text.Bluetooth_Process  bluetooth.o
    0x00001038   0x00001038   0x000000f8   Code   RO         1652    .text.Bluetooth_ReceiveByte  bluetooth.o
    0x00001130   0x00001130   0x00000024   Code   RO         1654    .text.BytesToFloat  bluetooth.o
    0x00001154   0x00001154   0x00000014   Code   RO          101    .text.DL_Common_delayCycles  dl_common.o
    0x00001168   0x00001168   0x00000028   Code   RO          178    .text.DL_Common_updateReg  dl_dma.o
    0x00001190   0x00001190   0x00000028   Code   RO         1010    .text.DL_Common_updateReg  dl_timer.o
    0x000011b8   0x000011b8   0x00000028   Code   RO         1116    .text.DL_Common_updateReg  dl_uart.o
    0x000011e0   0x000011e0   0x00000028   Code   RO         1392    .text.DL_Common_updateReg  ti_msp_dl_config.o
    0x00001208   0x00001208   0x00000014   Code   RO         1386    .text.DL_DMA_clearInterruptStatus  ti_msp_dl_config.o
    0x0000121c   0x0000121c   0x00000014   Code   RO         1789    .text.DL_DMA_clearInterruptStatus  uart.o
    0x00001230   0x00001230   0x00000054   Code   RO          174    .text.DL_DMA_configTransfer  dl_dma.o
    0x00001284   0x00001284   0x00000026   Code   RO         1813    .text.DL_DMA_disableChannel  uart.o
    0x000012aa   0x000012aa   0x00000026   Code   RO         1811    .text.DL_DMA_enableChannel  uart.o
    0x000012d0   0x000012d0   0x00000018   Code   RO         1388    .text.DL_DMA_enableInterrupt  ti_msp_dl_config.o
    0x000012e8   0x000012e8   0x00000012   Code   RO         1795    .text.DL_DMA_getPendingInterrupt  uart.o
    0x000012fa   0x000012fa   0x00000002   PAD
    0x000012fc   0x000012fc   0x00000018   Code   RO         1803    .text.DL_DMA_getRawInterruptStatus  uart.o
    0x00001314   0x00001314   0x00000046   Code   RO          172    .text.DL_DMA_initChannel  dl_dma.o
    0x0000135a   0x0000135a   0x00000002   PAD
    0x0000135c   0x0000135c   0x00000028   Code   RO         1807    .text.DL_DMA_setDestAddr  uart.o
    0x00001384   0x00001384   0x00000028   Code   RO         1805    .text.DL_DMA_setSrcAddr  uart.o
    0x000013ac   0x000013ac   0x00000030   Code   RO         1809    .text.DL_DMA_setTransferSize  uart.o
    0x000013dc   0x000013dc   0x00000038   Code   RO          176    .text.DL_DMA_setTrigger  dl_dma.o
    0x00001414   0x00001414   0x00000018   Code   RO         1344    .text.DL_GPIO_clearInterruptStatus  ti_msp_dl_config.o
    0x0000142c   0x0000142c   0x0000001c   Code   RO         1601    .text.DL_GPIO_clearInterruptStatus  encoder.o
    0x00001448   0x00001448   0x00000014   Code   RO         1340    .text.DL_GPIO_clearPins  ti_msp_dl_config.o
    0x0000145c   0x0000145c   0x00000014   Code   RO         1434    .text.DL_GPIO_clearPins  oled.o
    0x00001470   0x00001470   0x00000014   Code   RO         1524    .text.DL_GPIO_clearPins  motor.o
    0x00001484   0x00001484   0x00000014   Code   RO         1428    .text.DL_GPIO_disableOutput  oled.o
    0x00001498   0x00001498   0x0000001c   Code   RO         1346    .text.DL_GPIO_enableInterrupt  ti_msp_dl_config.o
    0x000014b4   0x000014b4   0x00000014   Code   RO         1328    .text.DL_GPIO_enableOutput  ti_msp_dl_config.o
    0x000014c8   0x000014c8   0x00000018   Code   RO         1436    .text.DL_GPIO_enableOutput  oled.o
    0x000014e0   0x000014e0   0x00000014   Code   RO         1320    .text.DL_GPIO_enablePower  ti_msp_dl_config.o
    0x000014f4   0x000014f4   0x00000012   Code   RO         1619    .text.DL_GPIO_getPendingInterrupt  encoder.o
    0x00001506   0x00001506   0x00000002   PAD
    0x00001508   0x00001508   0x00000030   Code   RO         1336    .text.DL_GPIO_initDigitalInputFeatures  ti_msp_dl_config.o
    0x00001538   0x00001538   0x00000014   Code   RO         1334    .text.DL_GPIO_initDigitalOutput  ti_msp_dl_config.o
    0x0000154c   0x0000154c   0x0000002c   Code   RO         1332    .text.DL_GPIO_initDigitalOutputFeatures  ti_msp_dl_config.o
    0x00001578   0x00001578   0x0000002c   Code   RO         1426    .text.DL_GPIO_initDigitalOutputFeatures  oled.o
    0x000015a4   0x000015a4   0x0000001c   Code   RO         1330    .text.DL_GPIO_initPeripheralInputFunction  ti_msp_dl_config.o
    0x000015c0   0x000015c0   0x0000001c   Code   RO         1326    .text.DL_GPIO_initPeripheralOutputFunction  ti_msp_dl_config.o
    0x000015dc   0x000015dc   0x00000016   Code   RO         1621    .text.DL_GPIO_readPins  encoder.o
    0x000015f2   0x000015f2   0x00000016   Code   RO         1636    .text.DL_GPIO_readPins  grayscale.o
    0x00001608   0x00001608   0x00000018   Code   RO         1314    .text.DL_GPIO_reset  ti_msp_dl_config.o
    0x00001620   0x00001620   0x0000001c   Code   RO         1342    .text.DL_GPIO_setLowerPinsPolarity  ti_msp_dl_config.o
    0x0000163c   0x0000163c   0x00000014   Code   RO         1338    .text.DL_GPIO_setPins  ti_msp_dl_config.o
    0x00001650   0x00001650   0x00000018   Code   RO         1526    .text.DL_GPIO_setPins  motor.o
    0x00001668   0x00001668   0x0000000c   Code   RO         1352    .text.DL_SYSCTL_disableHFXT  ti_msp_dl_config.o
    0x00001674   0x00001674   0x00000014   Code   RO         1354    .text.DL_SYSCTL_disableSYSPLL  ti_msp_dl_config.o
    0x00001688   0x00001688   0x00000014   Code   RO         1356    .text.DL_SYSCTL_enableMFCLK  ti_msp_dl_config.o
    0x0000169c   0x0000169c   0x00000018   Code   RO         1348    .text.DL_SYSCTL_setBORThreshold  ti_msp_dl_config.o
    0x000016b4   0x000016b4   0x0000001c   Code   RO         1350    .text.DL_SYSCTL_setSYSOSCFreq  ti_msp_dl_config.o
    0x000016d0   0x000016d0   0x00000014   Code   RO         1360    .text.DL_Timer_enableClock  ti_msp_dl_config.o
    0x000016e4   0x000016e4   0x0000001c   Code   RO         1364    .text.DL_Timer_enableInterrupt  ti_msp_dl_config.o
    0x00001700   0x00001700   0x00000018   Code   RO         1322    .text.DL_Timer_enablePower  ti_msp_dl_config.o
    0x00001718   0x00001718   0x00000012   Code   RO         1696    .text.DL_Timer_getPendingInterrupt  board.o
    0x0000172a   0x0000172a   0x00000002   PAD
    0x0000172c   0x0000172c   0x000000e8   Code   RO         1076    .text.DL_Timer_initFourCCPWMMode  dl_timer.o
    0x00001814   0x00001814   0x000000fc   Code   RO          992    .text.DL_Timer_initTimerMode  dl_timer.o
    0x00001910   0x00001910   0x0000010c   Code   RO         1078    .text.DL_Timer_initTwoCCPWMMode  dl_timer.o
    0x00001a1c   0x00001a1c   0x00000010   Code   RO         1316    .text.DL_Timer_reset  ti_msp_dl_config.o
    0x00001a2c   0x00001a2c   0x00000014   Code   RO         1362    .text.DL_Timer_setCCPDirection  ti_msp_dl_config.o
    0x00001a40   0x00001a40   0x00000030   Code   RO         1046    .text.DL_Timer_setCaptCompUpdateMethod  dl_timer.o
    0x00001a70   0x00001a70   0x00000034   Code   RO         1054    .text.DL_Timer_setCaptureCompareAction  dl_timer.o
    0x00001aa4   0x00001aa4   0x0000003c   Code   RO         1000    .text.DL_Timer_setCaptureCompareCtl  dl_timer.o
    0x00001ae0   0x00001ae0   0x00000034   Code   RO         1006    .text.DL_Timer_setCaptureCompareInput  dl_timer.o
    0x00001b14   0x00001b14   0x00000040   Code   RO         1050    .text.DL_Timer_setCaptureCompareOutCtl  dl_timer.o
    0x00001b54   0x00001b54   0x0000002c   Code   RO          998    .text.DL_Timer_setCaptureCompareValue  dl_timer.o
    0x00001b80   0x00001b80   0x0000002c   Code   RO          988    .text.DL_Timer_setClockConfig  dl_timer.o
    0x00001bac   0x00001bac   0x00000038   Code   RO         1358    .text.DL_Timer_setCounterControl  ti_msp_dl_config.o
    0x00001be4   0x00001be4   0x0000001c   Code   RO          996    .text.DL_Timer_setCounterValueAfterEnable  dl_timer.o
    0x00001c00   0x00001c00   0x00000018   Code   RO          994    .text.DL_Timer_setLoadValue  dl_timer.o
    0x00001c18   0x00001c18   0x00000018   Code   RO         1686    .text.DL_Timer_startCounter  board.o
    0x00001c30   0x00001c30   0x00000016   Code   RO         1114    .text.DL_UART_disable  dl_uart.o
    0x00001c46   0x00001c46   0x00000016   Code   RO         1380    .text.DL_UART_enable  ti_msp_dl_config.o
    0x00001c5c   0x00001c5c   0x00000018   Code   RO         1382    .text.DL_UART_enableDMAReceiveEvent  ti_msp_dl_config.o
    0x00001c74   0x00001c74   0x00000018   Code   RO         1374    .text.DL_UART_enableFIFOs  ti_msp_dl_config.o
    0x00001c8c   0x00001c8c   0x0000001c   Code   RO         1370    .text.DL_UART_enableInterrupt  ti_msp_dl_config.o
    0x00001ca8   0x00001ca8   0x00000018   Code   RO         1324    .text.DL_UART_enablePower  ti_msp_dl_config.o
    0x00001cc0   0x00001cc0   0x00000048   Code   RO         1112    .text.DL_UART_init  dl_uart.o
    0x00001d08   0x00001d08   0x00000018   Code   RO         1664    .text.DL_UART_isRXFIFOEmpty  bluetooth.o
    0x00001d20   0x00001d20   0x00000014   Code   RO         1666    .text.DL_UART_receiveData  bluetooth.o
    0x00001d34   0x00001d34   0x00000018   Code   RO         1318    .text.DL_UART_reset  ti_msp_dl_config.o
    0x00001d4c   0x00001d4c   0x0000004c   Code   RO         1368    .text.DL_UART_setBaudRateDivisor  ti_msp_dl_config.o
    0x00001d98   0x00001d98   0x00000024   Code   RO         1118    .text.DL_UART_setClockConfig  dl_uart.o
    0x00001dbc   0x00001dbc   0x0000001e   Code   RO         1366    .text.DL_UART_setOversampling  ti_msp_dl_config.o
    0x00001dda   0x00001dda   0x00000002   PAD
    0x00001ddc   0x00001ddc   0x00000024   Code   RO         1376    .text.DL_UART_setRXFIFOThreshold  ti_msp_dl_config.o
    0x00001e00   0x00001e00   0x00000028   Code   RO         1378    .text.DL_UART_setTXFIFOThreshold  ti_msp_dl_config.o
    0x00001e28   0x00001e28   0x00000080   Code   RO         1797    .text.DMA_IRQChannel1Handler  uart.o
    0x00001ea8   0x00001ea8   0x00000028   Code   RO         1793    .text.DMA_IRQHandler  uart.o
    0x00001ed0   0x00001ed0   0x00000038   Code   RO         1615    .text.Encoder_GetSpeed  encoder.o
    0x00001f08   0x00001f08   0x00000064   Code   RO         1599    .text.Encoder_Init  encoder.o
    0x00001f6c   0x00001f6c   0x0000006c   Code   RO         1613    .text.Encoder_Update  encoder.o
    0x00001fd8   0x00001fd8   0x000000ec   Code   RO         1617    .text.GROUP1_IRQHandler  encoder.o
    0x000020c4   0x000020c4   0x00000034   Code   RO         1946    .text.GrayPIDParameters  grayscalepid.o
    0x000020f8   0x000020f8   0x00000050   Code   RO         1944    .text.GrayPID_Init  grayscalepid.o
    0x00002148   0x00002148   0x00000004   Code   RO         1950    .text.Gray_GetTarget  grayscalepid.o
    0x0000214c   0x0000214c   0x0000002c   Code   RO         1954    .text.Gray_PD_Update  grayscalepid.o
    0x00002178   0x00002178   0x0000001c   Code   RO         1948    .text.Gray_Reset    grayscalepid.o
    0x00002194   0x00002194   0x00000094   Code   RO         1638    .text.Grayscale_GetError  grayscale.o
    0x00002228   0x00002228   0x00000002   Code   RO         1632    .text.Grayscale_Init  grayscale.o
    0x0000222a   0x0000222a   0x00000002   PAD
    0x0000222c   0x0000222c   0x000000fc   Code   RO         1634    .text.Grayscale_Read  grayscale.o
    0x00002328   0x00002328   0x00000014   Code   RO         1640    .text.Grayscale_WeightedSum  grayscale.o
    0x0000233c   0x0000233c   0x0000002c   Code   RO         1680    .text.HardFault_Handler  board.o
    0x00002368   0x00002368   0x000001d0   Code   RO         1569    .text.JY901_Data    jy901.o
    0x00002538   0x00002538   0x00000014   Code   RO         1565    .text.JY901_GetAngle  jy901.o
    0x0000254c   0x0000254c   0x00000014   Code   RO         1563    .text.JY901_GetGyro  jy901.o
    0x00002560   0x00002560   0x00000044   Code   RO         1567    .text.JY901_PollRx  jy901.o
    0x000025a4   0x000025a4   0x00000138   Code   RO         1571    .text.JY901_ProcessData  jy901.o
    0x000026dc   0x000026dc   0x00000068   Code   RO         1520    .text.MotorA_Control  motor.o
    0x00002744   0x00002744   0x00000060   Code   RO         1528    .text.MotorB_Control  motor.o
    0x000027a4   0x000027a4   0x000000d8   Code   RO         1530    .text.Motor_Drive   motor.o
    0x0000287c   0x0000287c   0x00000040   Code   RO         1522    .text.Motor_LimitSpeed  motor.o
    0x000028bc   0x000028bc   0x00000030   Code   RO         1532    .text.Motor_Stop    motor.o
    0x000028ec   0x000028ec   0x00000054   Code   RO         1448    .text.OLED_Clear    oled.o
    0x00002940   0x00002940   0x000000cc   Code   RO         1462    .text.OLED_ClearArea  oled.o
    0x00002a0c   0x00002a0c   0x00000084   Code   RO         1424    .text.OLED_GPIO_Init  oled.o
    0x00002a90   0x00002a90   0x0000000a   Code   RO         1430    .text.OLED_I2C_Delay  oled.o
    0x00002a9a   0x00002a9a   0x00000002   PAD
    0x00002a9c   0x00002a9c   0x000000d8   Code   RO         1440    .text.OLED_I2C_SendByte  oled.o
    0x00002b74   0x00002b74   0x00000070   Code   RO         1432    .text.OLED_I2C_Start  oled.o
    0x00002be4   0x00002be4   0x00000054   Code   RO         1438    .text.OLED_I2C_Stop  oled.o
    0x00002c38   0x00002c38   0x0000009a   Code   RO         1446    .text.OLED_Init     oled.o
    0x00002cd2   0x00002cd2   0x00000028   Code   RO         1454    .text.OLED_Pow      oled.o
    0x00002cfa   0x00002cfa   0x00000036   Code   RO         1452    .text.OLED_SetCursor  oled.o
    0x00002d30   0x00002d30   0x00000080   Code   RO         1468    .text.OLED_ShowChar  oled.o
    0x00002db0   0x00002db0   0x00000136   Code   RO         1482    .text.OLED_ShowFloatNum  oled.o
    0x00002ee6   0x00002ee6   0x00000002   PAD
    0x00002ee8   0x00002ee8   0x000001b0   Code   RO         1470    .text.OLED_ShowImage  oled.o
    0x00003098   0x00003098   0x00000090   Code   RO         1474    .text.OLED_ShowNum  oled.o
    0x00003128   0x00003128   0x000000d0   Code   RO         1476    .text.OLED_ShowSignedNum  oled.o
    0x000031f8   0x000031f8   0x0000029c   Code   RO         1472    .text.OLED_ShowString  oled.o
    0x00003494   0x00003494   0x00000048   Code   RO         1450    .text.OLED_Update   oled.o
    0x000034dc   0x000034dc   0x0000002a   Code   RO         1442    .text.OLED_WriteCommand  oled.o
    0x00003506   0x00003506   0x00000050   Code   RO         1444    .text.OLED_WriteData  oled.o
    0x00003556   0x00003556   0x00000064   Code   RO         1842    .text.PID_Init      pid.o
    0x000035ba   0x000035ba   0x0000003e   Code   RO         1832    .text.PID_LimitFloat  pid.o
    0x000035f8   0x000035f8   0x00000040   Code   RO         1852    .text.PID_ModuleInit  pid.o
    0x00003638   0x00003638   0x0000002c   Code   RO         1834    .text.PID_PositiveLimit  pid.o
    0x00003664   0x00003664   0x0000010c   Code   RO         1854    .text.PID_RemoteSetParameter  pid.o
    0x00003770   0x00003770   0x00000028   Code   RO         1844    .text.PID_Reset     pid.o
    0x00003798   0x00003798   0x00000074   Code   RO         1846    .text.PID_SetParameters  pid.o
    0x0000380c   0x0000380c   0x00000026   Code   RO         1850    .text.PID_Update    pid.o
    0x00003832   0x00003832   0x0000019a   Code   RO         1848    .text.PID_UpdateError  pid.o
    0x000039cc   0x000039cc   0x0000002c   Code   RO         1838    .text.PID_ValidDt   pid.o
    0x000039f8   0x000039f8   0x00000016   Code   RO         1840    .text.PID_ValidFilterAlpha  pid.o
    0x00003a0e   0x00003a0e   0x00000002   PAD
    0x00003a10   0x00003a10   0x00000054   Code   RO         1836    .text.PID_Wrap180   pid.o
    0x00003a64   0x00003a64   0x0000002c   Code   RO         1390    .text.SYSCFG_DL_DMA_RxJY_COPY_init  ti_msp_dl_config.o
    0x00003a90   0x00003a90   0x00000030   Code   RO         1384    .text.SYSCFG_DL_DMA_TxBlue_init  ti_msp_dl_config.o
    0x00003ac0   0x00003ac0   0x0000000c   Code   RO         1308    .text.SYSCFG_DL_DMA_init  ti_msp_dl_config.o
    0x00003acc   0x00003acc   0x0000017c   Code   RO         1294    .text.SYSCFG_DL_GPIO_init  ti_msp_dl_config.o
    0x00003c48   0x00003c48   0x0000006c   Code   RO         1298    .text.SYSCFG_DL_PWMA_init  ti_msp_dl_config.o
    0x00003cb4   0x00003cb4   0x00000068   Code   RO         1300    .text.SYSCFG_DL_PWMB_init  ti_msp_dl_config.o
    0x00003d1c   0x00003d1c   0x00000022   Code   RO         1296    .text.SYSCFG_DL_SYSCTL_init  ti_msp_dl_config.o
    0x00003d3e   0x00003d3e   0x00000002   PAD
    0x00003d40   0x00003d40   0x00000030   Code   RO         1302    .text.SYSCFG_DL_TIMER_0_init  ti_msp_dl_config.o
    0x00003d70   0x00003d70   0x00000064   Code   RO         1304    .text.SYSCFG_DL_UART1_init  ti_msp_dl_config.o
    0x00003dd4   0x00003dd4   0x00000054   Code   RO         1306    .text.SYSCFG_DL_UART7_init  ti_msp_dl_config.o
    0x00003e28   0x00003e28   0x0000003c   Code   RO         1290    .text.SYSCFG_DL_init  ti_msp_dl_config.o
    0x00003e64   0x00003e64   0x0000008c   Code   RO         1292    .text.SYSCFG_DL_initPower  ti_msp_dl_config.o
    0x00003ef0   0x00003ef0   0x00000040   Code   RO         1870    .text.SpeedPIDParameters  speedpid.o
    0x00003f30   0x00003f30   0x00000058   Code   RO         1868    .text.SpeedPID_Init  speedpid.o
    0x00003f88   0x00003f88   0x00000010   Code   RO         1872    .text.SpeedPID_Reset  speedpid.o
    0x00003f98   0x00003f98   0x000000c4   Code   RO         1874    .text.SpeedPID_Update  speedpid.o
    0x0000405c   0x0000405c   0x000000ac   Code   RO         1876    .text.SpeedToPWM    speedpid.o
    0x00004108   0x00004108   0x00000044   Code   RO         1694    .text.TIMA1_IRQHandler  board.o
    0x0000414c   0x0000414c   0x00000074   Code   RO         1727    .text.Track_BeginTurn  track.o
    0x000041c0   0x000041c0   0x000000d4   Code   RO         1731    .text.Track_ConfirmMarker  track.o
    0x00004294   0x00004294   0x0000012c   Code   RO         1721    .text.Track_Control  track.o
    0x000043c0   0x000043c0   0x00000060   Code   RO         1725    .text.Track_DriveWheelTargets  track.o
    0x00004420   0x00004420   0x00000008   Code   RO         1733    .text.Track_GetState  track.o
    0x00004428   0x00004428   0x00000058   Code   RO         1715    .text.Track_Init    track.o
    0x00004480   0x00004480   0x00000016   Code   RO         1739    .text.Track_IsCenter  track.o
    0x00004496   0x00004496   0x00000034   Code   RO         1741    .text.Track_IsLeftMarker  track.o
    0x000044ca   0x000044ca   0x00000034   Code   RO         1743    .text.Track_IsRightMarker  track.o
    0x000044fe   0x000044fe   0x00000002   PAD
    0x00004500   0x00004500   0x0000006c   Code   RO         1737    .text.Track_LimitTarget  track.o
    0x0000456c   0x0000456c   0x00000040   Code   RO         1723    .text.Track_OnLostLine  track.o
    0x000045ac   0x000045ac   0x0000001c   Code   RO         1717    .text.Track_ResetControlLoops  track.o
    0x000045c8   0x000045c8   0x00000084   Code   RO         1729    .text.Track_RunPreciseTurn  track.o
    0x0000464c   0x0000464c   0x00000010   Code   RO         1719    .text.Track_Update  track.o
    0x0000465c   0x0000465c   0x00000024   Code   RO         1662    .text.UART1_IRQHandler  bluetooth.o
    0x00004680   0x00004680   0x00000018   Code   RO         1783    .text.UART1_TX_DMAPump  uart.o
    0x00004698   0x00004698   0x00000044   Code   RO         1785    .text.UART1_TX_DMA_IsIdle  uart.o
    0x000046dc   0x000046dc   0x000000e0   Code   RO         1787    .text.UART1_TX_DMA_Kick  uart.o
    0x000047bc   0x000047bc   0x00000028   Code   RO         1799    .text.UART7_RX_Available  uart.o
    0x000047e4   0x000047e4   0x0000004c   Code   RO         1791    .text.UART7_RX_DMA_Arm  uart.o
    0x00004830   0x00004830   0x00000020   Code   RO         1769    .text.UART7_RX_DMA_Reset  uart.o
    0x00004850   0x00004850   0x00000084   Code   RO         1801    .text.UART7_RX_Read  uart.o
    0x000048d4   0x000048d4   0x00000036   Code   RO         1761    .text.UART_Init     uart.o
    0x0000490a   0x0000490a   0x00000002   PAD
    0x0000490c   0x0000490c   0x00000034   Code   RO         1899    .text.YawAnglePIDParameters  yawpid.o
    0x00004940   0x00004940   0x00000038   Code   RO         1893    .text.YawAnglePID_Init  yawpid.o
    0x00004978   0x00004978   0x00000048   Code   RO         1897    .text.YawAngleSpeedPID_Init  yawpid.o
    0x000049c0   0x000049c0   0x00000020   Code   RO         1905    .text.YawAngle_Reset  yawpid.o
    0x000049e0   0x000049e0   0x0000001c   Code   RO         1903    .text.YawAngle_SetTarget  yawpid.o
    0x000049fc   0x000049fc   0x0000003c   Code   RO         1913    .text.YawAngle_Update  yawpid.o
    0x00004a38   0x00004a38   0x00000034   Code   RO         1901    .text.YawRatePIDParameters  yawpid.o
    0x00004a6c   0x00004a6c   0x00000050   Code   RO         1895    .text.YawRatePID_Init  yawpid.o
    0x00004abc   0x00004abc   0x00000010   Code   RO         1907    .text.YawRate_Reset  yawpid.o
    0x00004acc   0x00004acc   0x00000024   Code   RO         1915    .text.YawRate_Update  yawpid.o
    0x00004af0   0x00004af0   0x00000028   Code   RO         1603    .text.__NVIC_ClearPendingIRQ  encoder.o
    0x00004b18   0x00004b18   0x00000028   Code   RO         1688    .text.__NVIC_ClearPendingIRQ  board.o
    0x00004b40   0x00004b40   0x0000002c   Code   RO         1763    .text.__NVIC_ClearPendingIRQ  uart.o
    0x00004b6c   0x00004b6c   0x00000034   Code   RO         1767    .text.__NVIC_DisableIRQ  uart.o
    0x00004ba0   0x00004ba0   0x00000028   Code   RO         1605    .text.__NVIC_EnableIRQ  encoder.o
    0x00004bc8   0x00004bc8   0x00000028   Code   RO         1690    .text.__NVIC_EnableIRQ  board.o
    0x00004bf0   0x00004bf0   0x0000002c   Code   RO         1765    .text.__NVIC_EnableIRQ  uart.o
    0x00004c1c   0x00004c1c   0x00000084   Code   RO         1372    .text.__NVIC_SetPriority  ti_msp_dl_config.o
    0x00004ca0   0x00004ca0   0x00000068   Code   RO         1684    .text.board_init    board.o
    0x00004d08   0x00004d08   0x0000000c   Code   RO         1692    .text.board_update  board.o
    0x00004d14   0x00004d14   0x000000e8   Code   RO         1280    .text.main          main.o
    0x00004dfc   0x00004dfc   0x00000016   Code   RO         2028    i._dls              fz_ps.l(dcmp.o)
    0x00004e12   0x00004e12   0x00000016   Code   RO         2056    i._fgeq             fz_ps.l(fcmp.o)
    0x00004e28   0x00004e28   0x00000016   Code   RO         2057    i._fgr              fz_ps.l(fcmp.o)
    0x00004e3e   0x00004e3e   0x0000001a   Code   RO         2058    i._fleq             fz_ps.l(fcmp.o)
    0x00004e58   0x00004e58   0x00000016   Code   RO         2059    i._fls              fz_ps.l(fcmp.o)
    0x00004e6e   0x00004e6e   0x00000002   PAD
    0x00004e70   0x00004e70   0x0000009c   Code   RO         2080    i.round             m_ps.l(round.o)
    0x00004f0c   0x00004f0c   0x00000064   Code   RO         2184    x$fpl$dleqf         fz_ps.l(dlef.o)
    0x00004f70   0x00004f70   0x00000068   Code   RO         2186    x$fpl$drleqf        fz_ps.l(drlef.o)
    0x00004fd8   0x00004fd8   0x0000008c   Code   RO         2049    x$fpl$fadd          fz_ps.l(faddsub.o)
    0x00005064   0x00005064   0x00000054   Code   RO         2192    x$fpl$fgeqf         fz_ps.l(fgef.o)
    0x000050b8   0x000050b8   0x00000054   Code   RO         2194    x$fpl$fleqf         fz_ps.l(flef.o)
    0x0000510c   0x0000510c   0x000000b0   Code   RO         2074    x$fpl$fmul          fz_ps.l(fmul.o)
    0x000051bc   0x000051bc   0x000000d0   Code   RO         2051    x$fpl$fsub          fz_ps.l(faddsub.o)
    0x0000528c   0x0000528c   0x00000000   Code   RO         2204    x$fpl$usenofp       fz_ps.l(usenofp.o)
    0x0000528c   0x0000528c   0x00000040   Data   RO         2068    .constdata          fz_ps.l(fdiv.o)
    0x000052cc   0x000052cc   0x00000008   Data   RO         1642    .rodata.Grayscale_GetError.weights  grayscale.o
    0x000052d4   0x000052d4   0x00000103   Data   RO         1513    .rodata.OLED_CF16x16  oled_data.o
    0x000053d7   0x000053d7   0x0000023a   Data   RO         1512    .rodata.OLED_F6x8   oled_data.o
    0x00005611   0x00005611   0x000005f0   Data   RO         1511    .rodata.OLED_F8x16  oled_data.o
    0x00005c01   0x00005c01   0x00000003   PAD
    0x00005c04   0x00005c04   0x00000018   Data   RO         1407    .rodata.gDMA_RxJY_COPYConfig  ti_msp_dl_config.o
    0x00005c1c   0x00005c1c   0x00000018   Data   RO         1406    .rodata.gDMA_TxBlueConfig  ti_msp_dl_config.o
    0x00005c34   0x00005c34   0x00000003   Data   RO         1396    .rodata.gPWMAClockConfig  ti_msp_dl_config.o
    0x00005c37   0x00005c37   0x00000001   PAD
    0x00005c38   0x00005c38   0x00000008   Data   RO         1397    .rodata.gPWMAConfig  ti_msp_dl_config.o
    0x00005c40   0x00005c40   0x00000003   Data   RO         1398    .rodata.gPWMBClockConfig  ti_msp_dl_config.o
    0x00005c43   0x00005c43   0x00000001   PAD
    0x00005c44   0x00005c44   0x00000008   Data   RO         1399    .rodata.gPWMBConfig  ti_msp_dl_config.o
    0x00005c4c   0x00005c4c   0x00000003   Data   RO         1400    .rodata.gTIMER_0ClockConfig  ti_msp_dl_config.o
    0x00005c4f   0x00005c4f   0x00000001   PAD
    0x00005c50   0x00005c50   0x00000014   Data   RO         1401    .rodata.gTIMER_0TimerConfig  ti_msp_dl_config.o
    0x00005c64   0x00005c64   0x00000002   Data   RO         1402    .rodata.gUART1ClockConfig  ti_msp_dl_config.o
    0x00005c66   0x00005c66   0x0000000a   Data   RO         1403    .rodata.gUART1Config  ti_msp_dl_config.o
    0x00005c70   0x00005c70   0x00000002   Data   RO         1404    .rodata.gUART7ClockConfig  ti_msp_dl_config.o
    0x00005c72   0x00005c72   0x0000000a   Data   RO         1405    .rodata.gUART7Config  ti_msp_dl_config.o
    0x00005c7c   0x00005c7c   0x00000018   Data   RO         1282    .rodata.str1.1      main.o
    0x00005c94   0x00005c94   0x00000004   PAD
    0x00005c98   0x00005c98   0x00000020   Data   RO         2469    Region$$Table       anon$$obj.o


    Execution Region RW_IRAM1 (Exec base: 0x20200000, Load base: 0x00005cb8, Size: 0x00001b40, Max: 0x00010000, ABSOLUTE)

    Exec Addr    Load Addr    Size         Type   Attr      Idx    E Section Name        Object

    0x20200000   0x00005cb8   0x00000004   Data   RW         1960    .data.GRAY_D_FILTER_ALPHA  grayscalepid.o
    0x20200004   0x00005cbc   0x00000004   Data   RW         1879    .data.Ki_spd        speedpid.o
    0x20200008   0x00005cc0   0x00000004   Data   RW         1928    .data.Ki_yaw_rate   yawpid.o
    0x2020000c   0x00005cc4   0x00000004   Data   RW         1956    .data.Kp_gray       grayscalepid.o
    0x20200010   0x00005cc8   0x00000004   Data   RW         1878    .data.Kp_spd        speedpid.o
    0x20200014   0x00005ccc   0x00000004   Data   RW         1921    .data.Kp_yaw_angle  yawpid.o
    0x20200018   0x00005cd0   0x00000004   Data   RW         1927    .data.Kp_yaw_rate   yawpid.o
    0x2020001c   0x00005cd4   0x00000004   Data   RW         1858    .data.PID_CONTROL_DT  pid.o
    0x20200020   0x00005cd8   0x00000004   Data   RW         1883    .data.SPD_D_FILTER_ALPHA  speedpid.o
    0x20200024   0x00005cdc   0x00000004   Data   RW         1881    .data.SPD_I_MAX     speedpid.o
    0x20200028   0x00005ce0   0x00000004   Data   RW         1882    .data.SPD_OUTPUT_MAX  speedpid.o
    0x2020002c   0x00005ce4   0x00000004   Data   RW         1859    .data.TURN_SPEED_MAX  pid.o
    0x20200030   0x00005ce8   0x00000004   Data   RW         1926    .data.YAW_ANGLE_D_FILTER_ALPHA  yawpid.o
    0x20200034   0x00005cec   0x00000004   Data   RW         1924    .data.YAW_ANGLE_I_MAX  yawpid.o
    0x20200038   0x00005cf0   0x00000004   Data   RW         1931    .data.YAW_RATE_D_FILTER_ALPHA  yawpid.o
    0x2020003c   0x00005cf4   0x00000004   Data   RW         1930    .data.YAW_RATE_I_MAX  yawpid.o
    0x20200040   0x00005cf8   0x00000004   Data   RW         1925    .data.YAW_RATE_TARGET_MAX  yawpid.o
    0x20200044   0x00005cfc   0x00000004   PAD
    0x20200048        -       0x00000060   Zero   RW         2280    .bss                c_p.l(libspace.o)
    0x202000a8        -       0x00000020   Zero   RW         1624    .bss.Encoder        encoder.o
    0x202000c8        -       0x00000004   Zero   RW         1959    .bss.GRAY_I_MAX     grayscalepid.o
    0x202000cc        -       0x0000000b   Zero   RW         1582    .bss.JY901_Data.ucRxBuffer  jy901.o
    0x202000d7        -       0x00000001   Zero   RW         1583    .bss.JY901_Data.ucRxCnt  jy901.o
    0x202000d8        -       0x00000004   Zero   RW         1958    .bss.Kd_gray        grayscalepid.o
    0x202000dc        -       0x00000004   Zero   RW         1880    .bss.Kd_spd         speedpid.o
    0x202000e0        -       0x00000004   Zero   RW         1923    .bss.Kd_yaw_angle   yawpid.o
    0x202000e4        -       0x00000004   Zero   RW         1929    .bss.Kd_yaw_rate    yawpid.o
    0x202000e8        -       0x00000004   Zero   RW         1957    .bss.Ki_gray        grayscalepid.o
    0x202000ec        -       0x00000004   Zero   RW         1922    .bss.Ki_yaw_angle   yawpid.o
    0x202000f0        -       0x00000400   Zero   RW         1502    .bss.OLED_DisplayBuf  oled.o
    0x202004f0        -       0x00000001   Zero   RW         1707    .bss.TIMA1_IRQHandler.div10  board.o
    0x202004f1   0x00005cfc   0x00000003   PAD
    0x202004f4        -       0x0000002c   Zero   RW         1934    .bss.angle_speed_pid  yawpid.o
    0x20200520        -       0x000000bc   Zero   RW         1394    .bss.gPWMABackup    ti_msp_dl_config.o
    0x202005dc        -       0x000000bc   Zero   RW         1395    .bss.gTIMER_0Backup  ti_msp_dl_config.o
    0x20200698        -       0x00000001   Zero   RW         1818    .bss.gUart1TxBusy   uart.o
    0x20200699        -       0x00000100   Zero   RW         1817    .bss.gUart1TxFIFObuf  uart.o
    0x20200799   0x00005cfc   0x00000001   PAD
    0x2020079a        -       0x00000002   Zero   RW         1815    .bss.gUart1TxHead   uart.o
    0x2020079c        -       0x00000100   Zero   RW         1823    .bss.gUart1TxShadow  uart.o
    0x2020089c        -       0x00000002   Zero   RW         1822    .bss.gUart1TxShadowLen  uart.o
    0x2020089e        -       0x00000002   Zero   RW         1816    .bss.gUart1TxTail   uart.o
    0x202008a0        -       0x00000100   Zero   RW         1821    .bss.gUart7RxFIFO   uart.o
    0x202009a0        -       0x00000002   Zero   RW         1819    .bss.gUart7RxHead   uart.o
    0x202009a2        -       0x00000010   Zero   RW         1824    .bss.gUart7RxLineBuf  uart.o
    0x202009b2        -       0x00000002   Zero   RW         1820    .bss.gUart7RxTail   uart.o
    0x202009b4        -       0x0000000c   Zero   RW         1573    .bss.g_acc_g        jy901.o
    0x202009c0        -       0x00000004   Zero   RW         1753    .bss.g_active_base_speed  track.o
    0x202009c4        -       0x0000000c   Zero   RW         1575    .bss.g_angle_deg    jy901.o
    0x202009d0        -       0x00000004   Zero   RW         1623    .bss.g_enc_isr      encoder.o
    0x202009d4        -       0x0000000c   Zero   RW         1574    .bss.g_gyro_dps     jy901.o
    0x202009e0        -       0x00000004   Zero   RW         1552    .bss.g_last_left_output  motor.o
    0x202009e4        -       0x00000004   Zero   RW         1553    .bss.g_last_right_output  motor.o
    0x202009e8        -       0x00000002   Zero   RW         1752    .bss.g_last_weighted_sum  track.o
    0x202009ea        -       0x00000001   Zero   RW         1747    .bss.g_marker_armed  track.o
    0x202009eb        -       0x00000001   Zero   RW         1748    .bss.g_marker_candidate_side  track.o
    0x202009ec        -       0x00000001   Zero   RW         1749    .bss.g_marker_confirm_cycles  track.o
    0x202009ed        -       0x00000001   Zero   RW         1746    .bss.g_marker_side  track.o
    0x202009ee        -       0x00000001   Zero   RW         1576    .bss.g_ready_acc    jy901.o
    0x202009ef        -       0x00000001   Zero   RW         1578    .bss.g_ready_angle  jy901.o
    0x202009f0        -       0x00000001   Zero   RW         1577    .bss.g_ready_gyro   jy901.o
    0x202009f1        -       0x00000001   Zero   RW         1671    .bss.g_rx_checksum  bluetooth.o
    0x202009f2        -       0x00000004   Zero   RW         1672    .bss.g_rx_float_bytes  bluetooth.o
    0x202009f6        -       0x00000001   Zero   RW         1669    .bss.g_rx_id        bluetooth.o
    0x202009f7        -       0x00000001   Zero   RW         1670    .bss.g_rx_index     bluetooth.o
    0x202009f8        -       0x00000001   Zero   RW         1668    .bss.g_rx_state     bluetooth.o
    0x202009f9        -       0x00000001   Zero   RW         1745    .bss.g_state        track.o
    0x202009fa        -       0x00000002   Zero   RW         1750    .bss.g_straight_cycles  track.o
    0x202009fc        -       0x00000004   Zero   RW         1706    .bss.g_tick_ms      board.o
    0x20200a00        -       0x00000002   Zero   RW         1751    .bss.g_turn_cycles  track.o
    0x20200a02   0x00005cfc   0x00000002   PAD
    0x20200a04        -       0x00000004   Zero   RW         1962    .bss.gray_error     grayscalepid.o
    0x20200a08        -       0x0000002c   Zero   RW         1961    .bss.gray_pid       grayscalepid.o
    0x20200a34        -       0x00000001   Zero   RW         1860    .bss.pid_module_initialized  pid.o
    0x20200a35   0x00005cfc   0x00000003   PAD
    0x20200a38        -       0x0000002c   Zero   RW         1884    .bss.speed_left_pid  speedpid.o
    0x20200a64        -       0x0000002c   Zero   RW         1885    .bss.speed_right_pid  speedpid.o
    0x20200a90        -       0x00000008   Zero   RW         1579    .bss.stcAcc         jy901.o
    0x20200a98        -       0x00000008   Zero   RW         1581    .bss.stcAngle       jy901.o
    0x20200aa0        -       0x00000008   Zero   RW         1586    .bss.stcDStatus     jy901.o
    0x20200aa8        -       0x00000008   Zero   RW         1589    .bss.stcGPSV        jy901.o
    0x20200ab0        -       0x00000008   Zero   RW         1580    .bss.stcGyro        jy901.o
    0x20200ab8        -       0x00000008   Zero   RW         1588    .bss.stcLonLat      jy901.o
    0x20200ac0        -       0x00000008   Zero   RW         1585    .bss.stcMag         jy901.o
    0x20200ac8        -       0x00000008   Zero   RW         1587    .bss.stcPress       jy901.o
    0x20200ad0        -       0x00000008   Zero   RW         1590    .bss.stcQ           jy901.o
    0x20200ad8        -       0x00000008   Zero   RW         1584    .bss.stcTime        jy901.o
    0x20200ae0        -       0x00000004   Zero   RW         1936    .bss.yaw_angle_error  yawpid.o
    0x20200ae4        -       0x0000002c   Zero   RW         1932    .bss.yaw_angle_pid  yawpid.o
    0x20200b10        -       0x0000002c   Zero   RW         1933    .bss.yaw_rate_pid   yawpid.o
    0x20200b3c        -       0x00000004   Zero   RW         1935    .bss.yaw_target     yawpid.o
    0x20200b40        -       0x00000000   Zero   RW         1415    HEAP                startup_mspm0g351x_uvision.o
    0x20200b40        -       0x00001000   Zero   RW         1414    STACK               startup_mspm0g351x_uvision.o


    Execution Region RW_IRAM2 (Exec base: 0x20210000, Load base: 0x00005d00, Size: 0x00000000, Max: 0x00010000, ABSOLUTE)

    **** No section assigned to this execution region ****



  Load Region LR_BCR (Base: 0x41c00000, Size: 0x00000000, Max: 0x00000100, ABSOLUTE)

    Execution Region BCR_CONFIG (Exec base: 0x41c00000, Load base: 0x41c00000, Size: 0x00000000, Max: 0x000000ff, ABSOLUTE)

    **** No section assigned to this execution region ****



  Load Region LR_BSL (Base: 0x41c00100, Size: 0x00000000, Max: 0x00000100, ABSOLUTE)

    Execution Region BSL_CONFIG (Exec base: 0x41c00100, Load base: 0x41c00100, Size: 0x00000000, Max: 0x00000080, ABSOLUTE)

    **** No section assigned to this execution region ****



  Load Region LR_DATA (Base: 0x41d00000, Size: 0x00000000, Max: 0x00004000, ABSOLUTE)

    Execution Region DATA (Exec base: 0x41d00000, Load base: 0x41d00000, Size: 0x00000000, Max: 0x00004000, ABSOLUTE)

    **** No section assigned to this execution region ****


==============================================================================

Image component sizes


      Code (inc. data)   RO Data    RW Data    ZI Data      Debug   Object Name

       392         52          0          0          8       5103   bluetooth.o
       350         32          0          0          5       7155   board.o
        20          0          0          0          0        608   dl_common.o
       250          4          0          0          0       4188   dl_dma.o
      1208        176          0          0          0      23719   dl_timer.o
       170          8          0          0          0      10667   dl_uart.o
       648         16          0          0         36       8137   encoder.o
       444         12          8          0          0       4336   grayscale.o
       208         36          0          8         60       1739   grayscalepid.o
       884        120          0          0        131       3210   jy901.o
       232         12         24          0          0        994   main.o
       572         32          0          0          8       7879   motor.o
      3282         40          0          0       1024      20778   oled.o
         0          0       2349          0          0        767   oled_data.o
      1292        136          0          8          1       4419   pid.o
       536         40          0         20         92       2204   speedpid.o
        44         18        192          0       4096        676   startup_mspm0g351x_uvision.o
      2326        208        117          0        376      29971   ti_msp_dl_config.o
      1294         72          0          0         15       3905   track.o
      1224        100          0          0        795      11067   uart.o
       484         72          0         32        152       3144   yawpid.o

    ----------------------------------------------------------------------
     15884       1186       2732         68       6812     154666   Object Totals
         0          0         32          0          0          0   (incl. Generated)
        24          0         10          0         13          0   (incl. Padding)

    ----------------------------------------------------------------------

      Code (inc. data)   RO Data    RW Data    ZI Data      Debug   Library Member Name

         8          0          0          0          0         68   __main.o
         0          0          0          0          0          0   __rtentry.o
        12          0          0          0          0          0   __rtentry2.o
         6          0          0          0          0          0   __rtentry4.o
        86         10          0          0          0          0   __scatter.o
        26          0          0          0          0          0   __scatter_copy.o
        28          0          0          0          0          0   __scatter_zi.o
       364          4          0          0          0         92   aeabi_sdiv.o
        16          0          0          0          0         68   exit.o
         6          0          0          0          0        136   heapauxi.o
         0          0          0          0          0          0   indicate_semi.o
         2          0          0          0          0          0   libinit.o
         2          0          0          0          0          0   libinit2.o
         2          0          0          0          0          0   libshutdown.o
         2          0          0          0          0          0   libshutdown2.o
         8          4          0          0         96         68   libspace.o
       186          0          0          0          0        144   rt_memcpy.o
         2          0          0          0          0          0   rtexit.o
        10          0          0          0          0          0   rtexit2.o
       136          4          0          0          0         72   strcmp.o
        12          4          0          0          0         60   sys_exit.o
        62          0          0          0          0         80   sys_stackheap_outer.o
         2          0          0          0          0         68   use_no_semi.o
        46          0          0          0          0         60   cmpret.o
       856         20          0          0          0        208   daddsub.o
        22          0          0          0          0         68   dcmp.o
       160          6          0          0          0         76   dcmpin.o
        72          4          0          0          0         68   dfixui.o
        88          0          0          0          0         92   dflti.o
       100          4          0          0          0         92   dlef.o
       584         26          0          0          0         84   dmul.o
        20          6          0          0          0         68   dnan2.o
       104          4          0          0          0        104   drlef.o
       240          8          0          0          0         76   drnd.o
        84          4          0          0          0         60   f2d.o
       348          8          0          0          0        160   faddsub.o
        92          0          0          0          0        272   fcmp.o
       100          4          0          0          0         68   fcmpin.o
       352         10         64          0          0         92   fdiv.o
        76          0          0          0          0         68   ffixi.o
        94          0          0          0          0         92   fflti.o
        84          4          0          0          0         76   fgef.o
        84          4          0          0          0         76   flef.o
       176          4          0          0          0         80   fmul.o
        16          6          0          0          0         68   fnan2.o
        94          0          0          0          0         68   retnan.o
         0          0          0          0          0          0   usenofp.o
       156         14          0          0          0         84   round.o

    ----------------------------------------------------------------------
      5056        166         64          0         96       3116   Library Totals
        30          4          0          0          0          0   (incl. Padding)

    ----------------------------------------------------------------------

      Code (inc. data)   RO Data    RW Data    ZI Data      Debug   Library Name

       978         26          0          0         96        856   c_p.l
      3892        122         64          0          0       2176   fz_ps.l
       156         14          0          0          0         84   m_ps.l

    ----------------------------------------------------------------------
      5056        166         64          0         96       3116   Library Totals

    ----------------------------------------------------------------------

==============================================================================


      Code (inc. data)   RO Data    RW Data    ZI Data      Debug   

     20940       1352       2796         68       6908     155918   Grand Totals
     20940       1352       2796         68       6908     155918   ELF Image Totals
     20940       1352       2796         68          0          0   ROM Totals

==============================================================================

    Total RO  Size (Code + RO Data)                23736 (  23.18kB)
    Total RW  Size (RW Data + ZI Data)              6976 (   6.81kB)
    Total ROM Size (Code + RO Data + RW Data)      23804 (  23.25kB)

==============================================================================

